<html>
<body>
<pre>
<h1>礦ision Build Log</h1>
<h2>Tool Versions:</h2>
IDE-Version: μVision V5.39.0.0
Copyright (C) 2023 ARM Ltd and ARM Germany GmbH. All rights reserved.
License Information: aabb aabb, aabb, LIC=03C6R-KQ1K6-VE3HA-1QRLJ-ECBLB-V6JEA
 
Tool Versions:
Toolchain:       MDK-ARM Plus  Version: 5.39.0.0
Toolchain Path:  D:\keil5\ARM\ARMCLANG\Bin
C Compiler:      ArmClang.exe V6.21
Assembler:       Armasm.exe V6.21
Linker/Locator:  ArmLink.exe V6.21
Library Manager: ArmAr.exe V6.21
Hex Converter:   FromElf.exe V6.21
CPU DLL:         SARMCM3.DLL V5.39.0.0
Dialog DLL:      DARMCM1.DLL V1.19.6.0
Target DLL:      CMSIS_AGDI.dll V1.33.16.0
Dialog DLL:      TARMCM1.DLL V1.14.6.0
 
<h2>Project:</h2>
D:\stm32\[WHEELTEC] C07A核心板(MSPM0G3507)附送资料\2.例程源码\xieyangxc\keil\empty_LP_MSPM0G3507_nortos_keil.uvprojx
Project File Date:  08/01/2025

<h2>Output:</h2>
*** Using Compiler 'V6.21', folder: 'D:\keil5\ARM\ARMCLANG\Bin'
Build target 'MSPM0G3507_Project'
Before Build - User command #1: cmd.exe /C "D:\TI\mspm0_sdk_2_05_01_00\tools\keil/syscfg.bat 'D:\stm32\[WHEELTEC] C07A核心板(MSPM0G3507)附送资料\2.例程源码\xieyangxc\keil\' empty.syscfg"
Using Sysconfig Tool from "D:\TI\sys\sysconfig_cli.bat"
"Update the file located at <sdk path>/tools/keil/syscfg.bat to use a different version"
"Couldn't find .metadata\product.json"
"Couldn't find syscfg file"
Missing argument: --board or --device must be specified
Usage:
 cli [--product <file>] [--board <board>] [--device <device>] [--package <package>] [--variant <variant>] [--script <file>] [--output <path>] [--context <context>]
 cli --help
 cli --version
 example: cli --product <sdk_root>/.metadata/product.json --device MSPM0G3505 --package "VQFN-32(RHB)" --script project/example.syscfg --output project/debug 
 Note that the all arguments other than '--help' and '--version' may also be 
 specified via the script with an embedded @cliArgs comment directive. 
 E.g. // @cliArgs -d MSP432P401R
 If an argument is embedded in a script and explicitly specified via the CLI
 then precedence is given to the CLI arguments. Additionally, specifying 
 "--board" or "--device" on the CLI will override any "--board" and "--device"
  arguments specified in the script.
  Note that --script can be supplied multiple times, as long as each --script
  is associated with a --context.  All arguments supplied after a --script
  apply to that script, and only certain arguments are script-specific.
  
compiling PID.c...
linking...
Program Size: Code=9206 RO-data=2474 RW-data=20 ZI-data=4364  
FromELF: creating hex file...
".\Objects\empty_LP_MSPM0G3507_nortos_keil.axf" - 0 Error(s), 0 Warning(s).

<h2>Software Packages used:</h2>

Package Vendor: TexasInstruments
                https://software-dl.ti.com/msp430/esd/MSPM0-CMSIS/MSPM0G1X0X_G3X0X/latest/exports/TexasInstruments.MSPM0G1X0X_G3X0X_DFP.1.3.1.pack
                TexasInstruments::MSPM0G1X0X_G3X0X_DFP@1.3.1
                Device Family Pack for Texas Instruments MSPM0G1X0X_G3X0X Series

<h2>Collection of Component include folders:</h2>

<h2>Collection of Component Files used:</h2>
Build Time Elapsed:  00:00:01
</pre>
</body>
</html>
