Component: Arm Compiler for Embedded 6.21 Tool: armlink [5ec1fa00]

==============================================================================

Section Cross References

    startup_mspm0g350x_uvision.o(RESET) refers to startup_mspm0g350x_uvision.o(STACK) for __initial_sp
    startup_mspm0g350x_uvision.o(RESET) refers to startup_mspm0g350x_uvision.o(.text) for Reset_Handler
    startup_mspm0g350x_uvision.o(RESET) refers to encoder.o(.text.GROUP1_IRQHandler) for GROUP1_IRQHandler
    startup_mspm0g350x_uvision.o(RESET) refers to encoder.o(.text.TIMG0_IRQHandler) for TIMG0_IRQHandler
    startup_mspm0g350x_uvision.o(.text) refers to entry.o(.ARM.Collect$$$$00000000) for __main
    ti_msp_dl_config.o(.text.SYSCFG_DL_init) refers to ti_msp_dl_config.o(.text.SYSCFG_DL_initPower) for SYSCFG_DL_initPower
    ti_msp_dl_config.o(.text.SYSCFG_DL_init) refers to ti_msp_dl_config.o(.text.SYSCFG_DL_GPIO_init) for SYSCFG_DL_GPIO_init
    ti_msp_dl_config.o(.text.SYSCFG_DL_init) refers to ti_msp_dl_config.o(.text.SYSCFG_DL_SYSCTL_init) for SYSCFG_DL_SYSCTL_init
    ti_msp_dl_config.o(.text.SYSCFG_DL_init) refers to ti_msp_dl_config.o(.text.SYSCFG_DL_PWM_0_init) for SYSCFG_DL_PWM_0_init
    ti_msp_dl_config.o(.text.SYSCFG_DL_init) refers to ti_msp_dl_config.o(.text.SYSCFG_DL_TIMER_0_init) for SYSCFG_DL_TIMER_0_init
    ti_msp_dl_config.o(.text.SYSCFG_DL_init) refers to ti_msp_dl_config.o(.text.SYSCFG_DL_I2C_OLED_init) for SYSCFG_DL_I2C_OLED_init
    ti_msp_dl_config.o(.text.SYSCFG_DL_init) refers to ti_msp_dl_config.o(.text.SYSCFG_DL_UART_0_init) for SYSCFG_DL_UART_0_init
    ti_msp_dl_config.o(.text.SYSCFG_DL_init) refers to ti_msp_dl_config.o(.text.SYSCFG_DL_SYSTICK_init) for SYSCFG_DL_SYSTICK_init
    ti_msp_dl_config.o(.text.SYSCFG_DL_init) refers to ti_msp_dl_config.o(.bss.gPWM_0Backup) for gPWM_0Backup
    ti_msp_dl_config.o(.ARM.exidx.text.SYSCFG_DL_init) refers to ti_msp_dl_config.o(.text.SYSCFG_DL_init) for [Anonymous Symbol]
    ti_msp_dl_config.o(.text.SYSCFG_DL_initPower) refers to ti_msp_dl_config.o(.text.DL_GPIO_reset) for DL_GPIO_reset
    ti_msp_dl_config.o(.text.SYSCFG_DL_initPower) refers to ti_msp_dl_config.o(.text.DL_Timer_reset) for DL_Timer_reset
    ti_msp_dl_config.o(.text.SYSCFG_DL_initPower) refers to ti_msp_dl_config.o(.text.DL_I2C_reset) for DL_I2C_reset
    ti_msp_dl_config.o(.text.SYSCFG_DL_initPower) refers to ti_msp_dl_config.o(.text.DL_UART_reset) for DL_UART_reset
    ti_msp_dl_config.o(.text.SYSCFG_DL_initPower) refers to ti_msp_dl_config.o(.text.DL_GPIO_enablePower) for DL_GPIO_enablePower
    ti_msp_dl_config.o(.text.SYSCFG_DL_initPower) refers to ti_msp_dl_config.o(.text.DL_Timer_enablePower) for DL_Timer_enablePower
    ti_msp_dl_config.o(.text.SYSCFG_DL_initPower) refers to ti_msp_dl_config.o(.text.DL_I2C_enablePower) for DL_I2C_enablePower
    ti_msp_dl_config.o(.text.SYSCFG_DL_initPower) refers to ti_msp_dl_config.o(.text.DL_UART_enablePower) for DL_UART_enablePower
    ti_msp_dl_config.o(.text.SYSCFG_DL_initPower) refers to dl_common.o(.text.DL_Common_delayCycles) for DL_Common_delayCycles
    ti_msp_dl_config.o(.ARM.exidx.text.SYSCFG_DL_initPower) refers to ti_msp_dl_config.o(.text.SYSCFG_DL_initPower) for [Anonymous Symbol]
    ti_msp_dl_config.o(.text.SYSCFG_DL_GPIO_init) refers to ti_msp_dl_config.o(.text.DL_GPIO_initPeripheralOutputFunction) for DL_GPIO_initPeripheralOutputFunction
    ti_msp_dl_config.o(.text.SYSCFG_DL_GPIO_init) refers to ti_msp_dl_config.o(.text.DL_GPIO_enableOutput) for DL_GPIO_enableOutput
    ti_msp_dl_config.o(.text.SYSCFG_DL_GPIO_init) refers to ti_msp_dl_config.o(.text.DL_GPIO_initPeripheralInputFunctionFeatures) for DL_GPIO_initPeripheralInputFunctionFeatures
    ti_msp_dl_config.o(.text.SYSCFG_DL_GPIO_init) refers to ti_msp_dl_config.o(.text.DL_GPIO_enableHiZ) for DL_GPIO_enableHiZ
    ti_msp_dl_config.o(.text.SYSCFG_DL_GPIO_init) refers to ti_msp_dl_config.o(.text.DL_GPIO_initPeripheralInputFunction) for DL_GPIO_initPeripheralInputFunction
    ti_msp_dl_config.o(.text.SYSCFG_DL_GPIO_init) refers to ti_msp_dl_config.o(.text.DL_GPIO_initDigitalOutput) for DL_GPIO_initDigitalOutput
    ti_msp_dl_config.o(.text.SYSCFG_DL_GPIO_init) refers to ti_msp_dl_config.o(.text.DL_GPIO_initDigitalInputFeatures) for DL_GPIO_initDigitalInputFeatures
    ti_msp_dl_config.o(.text.SYSCFG_DL_GPIO_init) refers to ti_msp_dl_config.o(.text.DL_GPIO_clearPins) for DL_GPIO_clearPins
    ti_msp_dl_config.o(.text.SYSCFG_DL_GPIO_init) refers to ti_msp_dl_config.o(.text.DL_GPIO_setUpperPinsPolarity) for DL_GPIO_setUpperPinsPolarity
    ti_msp_dl_config.o(.text.SYSCFG_DL_GPIO_init) refers to ti_msp_dl_config.o(.text.DL_GPIO_clearInterruptStatus) for DL_GPIO_clearInterruptStatus
    ti_msp_dl_config.o(.text.SYSCFG_DL_GPIO_init) refers to ti_msp_dl_config.o(.text.DL_GPIO_enableInterrupt) for DL_GPIO_enableInterrupt
    ti_msp_dl_config.o(.ARM.exidx.text.SYSCFG_DL_GPIO_init) refers to ti_msp_dl_config.o(.text.SYSCFG_DL_GPIO_init) for [Anonymous Symbol]
[...]
    ../clib/microlib/init/entry.s            0x00000000   Number         0  entry10b.o ABSOLUTE
    ../clib/microlib/init/entry.s            0x00000000   Number         0  entry11a.o ABSOLUTE
    ../clib/microlib/init/entry.s            0x00000000   Number         0  entry11b.o ABSOLUTE
    ../clib/microlib/stubs.s                 0x00000000   Number         0  iusefp.o ABSOLUTE
    ../fplib/microlib/fpadd.c                0x00000000   Number         0  fadd.o ABSOLUTE
    ../fplib/microlib/fpcmp.c                0x00000000   Number         0  fcmple.o ABSOLUTE
    ../fplib/microlib/fpcmp.c                0x00000000   Number         0  fcmplt.o ABSOLUTE
    ../fplib/microlib/fpcmp.c                0x00000000   Number         0  fcmpge.o ABSOLUTE
    ../fplib/microlib/fpdiv.c                0x00000000   Number         0  fdiv.o ABSOLUTE
    ../fplib/microlib/fpepilogue.c           0x00000000   Number         0  fepilogue.o ABSOLUTE
    ../fplib/microlib/fpfix.c                0x00000000   Number         0  ffixi.o ABSOLUTE
    ../fplib/microlib/fpflt.c                0x00000000   Number         0  fflti.o ABSOLUTE
    ../fplib/microlib/fpflt.c                0x00000000   Number         0  ffltui.o ABSOLUTE
    ../fplib/microlib/fpmul.c                0x00000000   Number         0  fmul.o ABSOLUTE
    HUIDU.c                                  0x00000000   Number         0  huidu.o ABSOLUTE
    PID.c                                    0x00000000   Number         0  pid.o ABSOLUTE
    board.c                                  0x00000000   Number         0  board.o ABSOLUTE
    dc.s                                     0x00000000   Number         0  dc.o ABSOLUTE
    dl_adc12.c                               0x00000000   Number         0  dl_adc12.o ABSOLUTE
    dl_aes.c                                 0x00000000   Number         0  dl_aes.o ABSOLUTE
    dl_aesadv.c                              0x00000000   Number         0  dl_aesadv.o ABSOLUTE
    dl_common.c                              0x00000000   Number         0  dl_common.o ABSOLUTE
    dl_crc.c                                 0x00000000   Number         0  dl_crc.o ABSOLUTE
    dl_crcp.c                                0x00000000   Number         0  dl_crcp.o ABSOLUTE
    dl_dac12.c                               0x00000000   Number         0  dl_dac12.o ABSOLUTE
    dl_dma.c                                 0x00000000   Number         0  dl_dma.o ABSOLUTE
    dl_flashctl.c                            0x00000000   Number         0  dl_flashctl.o ABSOLUTE
    dl_i2c.c                                 0x00000000   Number         0  dl_i2c.o ABSOLUTE
    dl_interrupt.c                           0x00000000   Number         0  dl_interrupt.o ABSOLUTE
    dl_keystorectl.c                         0x00000000   Number         0  dl_keystorectl.o ABSOLUTE
    dl_lcd.c                                 0x00000000   Number         0  dl_lcd.o ABSOLUTE
    dl_lfss.c                                0x00000000   Number         0  dl_lfss.o ABSOLUTE
    dl_mathacl.c                             0x00000000   Number         0  dl_mathacl.o ABSOLUTE
    dl_mcan.c                                0x00000000   Number         0  dl_mcan.o ABSOLUTE
    dl_opa.c                                 0x00000000   Number         0  dl_opa.o ABSOLUTE
    dl_rtc_common.c                          0x00000000   Number         0  dl_rtc_common.o ABSOLUTE
    dl_spi.c                                 0x00000000   Number         0  dl_spi.o ABSOLUTE
    dl_sysctl_mspm0g1x0x_g3x0x.c             0x00000000   Number         0  dl_sysctl_mspm0g1x0x_g3x0x.o ABSOLUTE
    dl_timer.c                               0x00000000   Number         0  dl_timer.o ABSOLUTE
    dl_trng.c                                0x00000000   Number         0  dl_trng.o ABSOLUTE
    dl_uart.c                                0x00000000   Number         0  dl_uart.o ABSOLUTE
    dl_vref.c                                0x00000000   Number         0  dl_vref.o ABSOLUTE
    empty.c                                  0x00000000   Number         0  empty.o ABSOLUTE
    encoder.c                                0x00000000   Number         0  encoder.o ABSOLUTE
    handlers.s                               0x00000000   Number         0  handlers.o ABSOLUTE
    init.s                                   0x00000000   Number         0  init.o ABSOLUTE
    key.c                                    0x00000000   Number         0  key.o ABSOLUTE
    led.c                                    0x00000000   Number         0  led.o ABSOLUTE
    motor.c                                  0x00000000   Number         0  motor.o ABSOLUTE
    oled.c                                   0x00000000   Number         0  oled.o ABSOLUTE
    startup_mspm0g350x_uvision.s             0x00000000   Number         0  startup_mspm0g350x_uvision.o ABSOLUTE
    ti_msp_dl_config.c                       0x00000000   Number         0  ti_msp_dl_config.o ABSOLUTE
    RESET                                    0x00000000   Section      192  startup_mspm0g350x_uvision.o(RESET)
    .ARM.Collect$$$$00000000                 0x000000c0   Section        0  entry.o(.ARM.Collect$$$$00000000)
    .ARM.Collect$$$$00000001                 0x000000c0   Section        4  entry2.o(.ARM.Collect$$$$00000001)
    .ARM.Collect$$$$00000004                 0x000000c4   Section        4  entry5.o(.ARM.Collect$$$$00000004)
    .ARM.Collect$$$$00000008                 0x000000c8   Section        0  entry7b.o(.ARM.Collect$$$$00000008)
    .ARM.Collect$$$$0000000A                 0x000000c8   Section        0  entry8b.o(.ARM.Collect$$$$0000000A)
    .ARM.Collect$$$$0000000B                 0x000000c8   Section        8  entry9a.o(.ARM.Collect$$$$0000000B)
    __lit__00000000                          0x000000d0   Data           4  entry2.o(.ARM.Collect$$$$00002712)
    .ARM.Collect$$$$0000000D                 0x000000d0   Section        0  entry10a.o(.ARM.Collect$$$$0000000D)
    .ARM.Collect$$$$0000000F                 0x000000d0   Section        0  entry11a.o(.ARM.Collect$$$$0000000F)
    .ARM.Collect$$$$00002712                 0x000000d0   Section        4  entry2.o(.ARM.Collect$$$$00002712)
    .text                                    0x000000d4   Section       20  startup_mspm0g350x_uvision.o(.text)
    .text                                    0x000000e8   Section        0  fadd.o(.text)
    .text                                    0x0000019a   Section        0  fmul.o(.text)
    .text                                    0x00000214   Section        0  fdiv.o(.text)
    .text                                    0x00000290   Section        0  fcmple.o(.text)
    .text                                    0x000002ac   Section        0  fcmpge.o(.text)
    .text                                    0x000002c8   Section        0  fflti.o(.text)
    .text                                    0x000002de   Section        0  ffixi.o(.text)
    .text                                    0x00000310   Section        0  uidiv_div0.o(.text)
    .text                                    0x0000034e   Section        0  iusefp.o(.text)
    .text                                    0x0000034e   Section        0  fepilogue.o(.text)
    .text                                    0x000003d0   Section       48  init.o(.text)
    [Anonymous Symbol]                       0x00000400   Section        0  key.o(.text.Check_L2_Update)
    __arm_cp.6_0                             0x000004b8   Number         4  key.o(.text.Check_L2_Update)
    __arm_cp.6_1                             0x000004bc   Number         4  key.o(.text.Check_L2_Update)
    __arm_cp.6_2                             0x000004c0   Number         4  key.o(.text.Check_L2_Update)
    __arm_cp.6_3                             0x000004c4   Number         4  key.o(.text.Check_L2_Update)
    __arm_cp.6_4                             0x000004c8   Number         4  key.o(.text.Check_L2_Update)
    __arm_cp.6_5                             0x000004cc   Number         4  key.o(.text.Check_L2_Update)
    __arm_cp.6_6                             0x000004d0   Number         4  key.o(.text.Check_L2_Update)
    __arm_cp.6_7                             0x000004d4   Number         4  key.o(.text.Check_L2_Update)
    __arm_cp.6_8                             0x000004d8   Number         4  key.o(.text.Check_L2_Update)
    [Anonymous Symbol]                       0x000004dc   Section        0  dl_common.o(.text.DL_Common_delayCycles)
    DL_Common_updateReg                      0x000004f1   Thumb Code    40  ti_msp_dl_config.o(.text.DL_Common_updateReg)
    [Anonymous Symbol]                       0x000004f0   Section        0  ti_msp_dl_config.o(.text.DL_Common_updateReg)
    DL_Common_updateReg                      0x00000519   Thumb Code    40  dl_uart.o(.text.DL_Common_updateReg)
    [Anonymous Symbol]                       0x00000518   Section        0  dl_uart.o(.text.DL_Common_updateReg)
    DL_Common_updateReg                      0x00000541   Thumb Code    40  dl_timer.o(.text.DL_Common_updateReg)
    [Anonymous Symbol]                       0x00000540   Section        0  dl_timer.o(.text.DL_Common_updateReg)
    DL_Common_updateReg                      0x00000569   Thumb Code    40  dl_i2c.o(.text.DL_Common_updateReg)
    [Anonymous Symbol]                       0x00000568   Section        0  dl_i2c.o(.text.DL_Common_updateReg)
    DL_Common_updateReg                      0x00000591   Thumb Code    40  oled.o(.text.DL_Common_updateReg)
    [Anonymous Symbol]                       0x00000590   Section        0  oled.o(.text.DL_Common_updateReg)
    DL_GPIO_clearInterruptStatus             0x000005b9   Thumb Code    24  ti_msp_dl_config.o(.text.DL_GPIO_clearInterruptStatus)
    [Anonymous Symbol]                       0x000005b8   Section        0  ti_msp_dl_config.o(.text.DL_GPIO_clearInterruptStatus)
    DL_GPIO_clearInterruptStatus             0x000005d1   Thumb Code    24  encoder.o(.text.DL_GPIO_clearInterruptStatus)
    [Anonymous Symbol]                       0x000005d0   Section        0  encoder.o(.text.DL_GPIO_clearInterruptStatus)
    __arm_cp.3_0                             0x000005e8   Number         4  encoder.o(.text.DL_GPIO_clearInterruptStatus)
    DL_GPIO_clearPins                        0x000005ed   Thumb Code    20  ti_msp_dl_config.o(.text.DL_GPIO_clearPins)
    [Anonymous Symbol]                       0x000005ec   Section        0  ti_msp_dl_config.o(.text.DL_GPIO_clearPins)
    DL_GPIO_clearPins                        0x00000601   Thumb Code    20  motor.o(.text.DL_GPIO_clearPins)
    [Anonymous Symbol]                       0x00000600   Section        0  motor.o(.text.DL_GPIO_clearPins)
    DL_GPIO_enableHiZ                        0x00000615   Thumb Code    24  ti_msp_dl_config.o(.text.DL_GPIO_enableHiZ)
    [Anonymous Symbol]                       0x00000614   Section        0  ti_msp_dl_config.o(.text.DL_GPIO_enableHiZ)
    DL_GPIO_enableInterrupt                  0x0000062d   Thumb Code    24  ti_msp_dl_config.o(.text.DL_GPIO_enableInterrupt)
    [Anonymous Symbol]                       0x0000062c   Section        0  ti_msp_dl_config.o(.text.DL_GPIO_enableInterrupt)
    __arm_cp.29_0                            0x00000644   Number         4  ti_msp_dl_config.o(.text.DL_GPIO_enableInterrupt)
    DL_GPIO_enableOutput                     0x00000649   Thumb Code    20  ti_msp_dl_config.o(.text.DL_GPIO_enableOutput)
    [Anonymous Symbol]                       0x00000648   Section        0  ti_msp_dl_config.o(.text.DL_GPIO_enableOutput)
    __arm_cp.20_0                            0x0000065c   Number         4  ti_msp_dl_config.o(.text.DL_GPIO_enableOutput)
    DL_GPIO_enablePower                      0x00000661   Thumb Code    20  ti_msp_dl_config.o(.text.DL_GPIO_enablePower)
    [Anonymous Symbol]                       0x00000660   Section        0  ti_msp_dl_config.o(.text.DL_GPIO_enablePower)
    DL_GPIO_getEnabledInterruptStatus        0x00000675   Thumb Code    20  encoder.o(.text.DL_GPIO_getEnabledInterruptStatus)
    [Anonymous Symbol]                       0x00000674   Section        0  encoder.o(.text.DL_GPIO_getEnabledInterruptStatus)
    __arm_cp.1_0                             0x00000688   Number         4  encoder.o(.text.DL_GPIO_getEnabledInterruptStatus)
    DL_GPIO_initDigitalInputFeatures         0x0000068d   Thumb Code    44  ti_msp_dl_config.o(.text.DL_GPIO_initDigitalInputFeatures)
    [Anonymous Symbol]                       0x0000068c   Section        0  ti_msp_dl_config.o(.text.DL_GPIO_initDigitalInputFeatures)
    __arm_cp.25_0                            0x000006b8   Number         4  ti_msp_dl_config.o(.text.DL_GPIO_initDigitalInputFeatures)
    DL_GPIO_initDigitalOutput                0x000006bd   Thumb Code    20  ti_msp_dl_config.o(.text.DL_GPIO_initDigitalOutput)
    [Anonymous Symbol]                       0x000006bc   Section        0  ti_msp_dl_config.o(.text.DL_GPIO_initDigitalOutput)
    DL_GPIO_initPeripheralInputFunction      0x000006d1   Thumb Code    24  ti_msp_dl_config.o(.text.DL_GPIO_initPeripheralInputFunction)
    [Anonymous Symbol]                       0x000006d0   Section        0  ti_msp_dl_config.o(.text.DL_GPIO_initPeripheralInputFunction)
    DL_GPIO_initPeripheralInputFunctionFeatures 0x000006e9   Thumb Code    52  ti_msp_dl_config.o(.text.DL_GPIO_initPeripheralInputFunctionFeatures)
    [Anonymous Symbol]                       0x000006e8   Section        0  ti_msp_dl_config.o(.text.DL_GPIO_initPeripheralInputFunctionFeatures)
    __arm_cp.21_0                            0x0000071c   Number         4  ti_msp_dl_config.o(.text.DL_GPIO_initPeripheralInputFunctionFeatures)
    DL_GPIO_initPeripheralOutputFunction     0x00000721   Thumb Code    24  ti_msp_dl_config.o(.text.DL_GPIO_initPeripheralOutputFunction)
    [Anonymous Symbol]                       0x00000720   Section        0  ti_msp_dl_config.o(.text.DL_GPIO_initPeripheralOutputFunction)
    __arm_cp.19_0                            0x00000738   Number         4  ti_msp_dl_config.o(.text.DL_GPIO_initPeripheralOutputFunction)
    DL_GPIO_readPins                         0x0000073d   Thumb Code    22  key.o(.text.DL_GPIO_readPins)
    [Anonymous Symbol]                       0x0000073c   Section        0  key.o(.text.DL_GPIO_readPins)
    DL_GPIO_readPins                         0x00000753   Thumb Code    22  encoder.o(.text.DL_GPIO_readPins)
    [Anonymous Symbol]                       0x00000752   Section        0  encoder.o(.text.DL_GPIO_readPins)
    DL_GPIO_readPins                         0x00000769   Thumb Code    22  huidu.o(.text.DL_GPIO_readPins)
    [Anonymous Symbol]                       0x00000768   Section        0  huidu.o(.text.DL_GPIO_readPins)
    DL_GPIO_reset                            0x00000781   Thumb Code    16  ti_msp_dl_config.o(.text.DL_GPIO_reset)
    [Anonymous Symbol]                       0x00000780   Section        0  ti_msp_dl_config.o(.text.DL_GPIO_reset)
    DL_GPIO_setPins                          0x00000791   Thumb Code    20  motor.o(.text.DL_GPIO_setPins)
    [Anonymous Symbol]                       0x00000790   Section        0  motor.o(.text.DL_GPIO_setPins)
    __arm_cp.2_0                             0x000007a4   Number         4  motor.o(.text.DL_GPIO_setPins)
    DL_GPIO_setUpperPinsPolarity             0x000007a9   Thumb Code    24  ti_msp_dl_config.o(.text.DL_GPIO_setUpperPinsPolarity)
    [Anonymous Symbol]                       0x000007a8   Section        0  ti_msp_dl_config.o(.text.DL_GPIO_setUpperPinsPolarity)
    DL_I2C_enableAnalogGlitchFilter          0x000007c1   Thumb Code    24  ti_msp_dl_config.o(.text.DL_I2C_enableAnalogGlitchFilter)
    [Anonymous Symbol]                       0x000007c0   Section        0  ti_msp_dl_config.o(.text.DL_I2C_enableAnalogGlitchFilter)
    DL_I2C_enableController                  0x000007d9   Thumb Code    20  ti_msp_dl_config.o(.text.DL_I2C_enableController)
    [Anonymous Symbol]                       0x000007d8   Section        0  ti_msp_dl_config.o(.text.DL_I2C_enableController)
    DL_I2C_enableControllerClockStretching   0x000007ed   Thumb Code    20  ti_msp_dl_config.o(.text.DL_I2C_enableControllerClockStretching)
    [Anonymous Symbol]                       0x000007ec   Section        0  ti_msp_dl_config.o(.text.DL_I2C_enableControllerClockStretching)
    __arm_cp.48_0                            0x00000800   Number         4  ti_msp_dl_config.o(.text.DL_I2C_enableControllerClockStretching)
    DL_I2C_enablePower                       0x00000805   Thumb Code    20  ti_msp_dl_config.o(.text.DL_I2C_enablePower)
    [Anonymous Symbol]                       0x00000804   Section        0  ti_msp_dl_config.o(.text.DL_I2C_enablePower)
    __arm_cp.17_0                            0x00000818   Number         4  ti_msp_dl_config.o(.text.DL_I2C_enablePower)
    [Anonymous Symbol]                       0x0000081c   Section        0  dl_i2c.o(.text.DL_I2C_fillControllerTXFIFO)
    DL_I2C_getControllerStatus               0x00000871   Thumb Code    16  oled.o(.text.DL_I2C_getControllerStatus)
    [Anonymous Symbol]                       0x00000870   Section        0  oled.o(.text.DL_I2C_getControllerStatus)
    __arm_cp.2_0                             0x00000880   Number         4  oled.o(.text.DL_I2C_getControllerStatus)
    DL_I2C_isControllerTXFIFOFull            0x00000885   Thumb Code    24  dl_i2c.o(.text.DL_I2C_isControllerTXFIFOFull)
    [Anonymous Symbol]                       0x00000884   Section        0  dl_i2c.o(.text.DL_I2C_isControllerTXFIFOFull)
    __arm_cp.4_0                             0x0000089c   Number         4  dl_i2c.o(.text.DL_I2C_isControllerTXFIFOFull)
    DL_I2C_reset                             0x000008a1   Thumb Code    16  ti_msp_dl_config.o(.text.DL_I2C_reset)
    [Anonymous Symbol]                       0x000008a0   Section        0  ti_msp_dl_config.o(.text.DL_I2C_reset)
    __arm_cp.13_0                            0x000008b0   Number         4  ti_msp_dl_config.o(.text.DL_I2C_reset)
    __arm_cp.13_1                            0x000008b4   Number         4  ti_msp_dl_config.o(.text.DL_I2C_reset)
    DL_I2C_resetControllerTransfer           0x000008b9   Thumb Code    16  ti_msp_dl_config.o(.text.DL_I2C_resetControllerTransfer)
    [Anonymous Symbol]                       0x000008b8   Section        0  ti_msp_dl_config.o(.text.DL_I2C_resetControllerTransfer)
    DL_I2C_setAnalogGlitchFilterPulseWidth   0x000008c9   Thumb Code    38  ti_msp_dl_config.o(.text.DL_I2C_setAnalogGlitchFilterPulseWidth)
    [Anonymous Symbol]                       0x000008c8   Section        0  ti_msp_dl_config.o(.text.DL_I2C_setAnalogGlitchFilterPulseWidth)
    [Anonymous Symbol]                       0x000008f0   Section        0  dl_i2c.o(.text.DL_I2C_setClockConfig)
    __arm_cp.0_0                             0x00000920   Number         4  dl_i2c.o(.text.DL_I2C_setClockConfig)
    DL_I2C_setControllerRXFIFOThreshold      0x00000925   Thumb Code    36  ti_msp_dl_config.o(.text.DL_I2C_setControllerRXFIFOThreshold)
    [Anonymous Symbol]                       0x00000924   Section        0  ti_msp_dl_config.o(.text.DL_I2C_setControllerRXFIFOThreshold)
    DL_I2C_setControllerTXFIFOThreshold      0x00000949   Thumb Code    36  ti_msp_dl_config.o(.text.DL_I2C_setControllerTXFIFOThreshold)
    [Anonymous Symbol]                       0x00000948   Section        0  ti_msp_dl_config.o(.text.DL_I2C_setControllerTXFIFOThreshold)
    __arm_cp.46_0                            0x0000096c   Number         4  ti_msp_dl_config.o(.text.DL_I2C_setControllerTXFIFOThreshold)
    DL_I2C_setTimerPeriod                    0x00000971   Thumb Code    20  ti_msp_dl_config.o(.text.DL_I2C_setTimerPeriod)
    [Anonymous Symbol]                       0x00000970   Section        0  ti_msp_dl_config.o(.text.DL_I2C_setTimerPeriod)
    __arm_cp.45_0                            0x00000984   Number         4  ti_msp_dl_config.o(.text.DL_I2C_setTimerPeriod)
    DL_I2C_startControllerTransfer           0x00000989   Thumb Code    64  oled.o(.text.DL_I2C_startControllerTransfer)
    [Anonymous Symbol]                       0x00000988   Section        0  oled.o(.text.DL_I2C_startControllerTransfer)
    __arm_cp.3_0                             0x000009c8   Number         4  oled.o(.text.DL_I2C_startControllerTransfer)
    __arm_cp.3_1                             0x000009cc   Number         4  oled.o(.text.DL_I2C_startControllerTransfer)
    __arm_cp.3_2                             0x000009d0   Number         4  oled.o(.text.DL_I2C_startControllerTransfer)
    __arm_cp.3_3                             0x000009d4   Number         4  oled.o(.text.DL_I2C_startControllerTransfer)
    DL_I2C_transmitControllerData            0x000009d9   Thumb Code    22  dl_i2c.o(.text.DL_I2C_transmitControllerData)
    [Anonymous Symbol]                       0x000009d8   Section        0  dl_i2c.o(.text.DL_I2C_transmitControllerData)
    [Anonymous Symbol]                       0x000009f0   Section        0  dl_sysctl_mspm0g1x0x_g3x0x.o(.text.DL_SYSCTL_configSYSPLL)
    __arm_cp.0_2                             0x00000aa4   Number         4  dl_sysctl_mspm0g1x0x_g3x0x.o(.text.DL_SYSCTL_configSYSPLL)
    __arm_cp.0_3                             0x00000aa8   Number         4  dl_sysctl_mspm0g1x0x_g3x0x.o(.text.DL_SYSCTL_configSYSPLL)
    __arm_cp.0_4                             0x00000aac   Number         4  dl_sysctl_mspm0g1x0x_g3x0x.o(.text.DL_SYSCTL_configSYSPLL)
    DL_SYSCTL_disableHFXT                    0x00000ab1   Thumb Code    12  ti_msp_dl_config.o(.text.DL_SYSCTL_disableHFXT)
    [Anonymous Symbol]                       0x00000ab0   Section        0  ti_msp_dl_config.o(.text.DL_SYSCTL_disableHFXT)
    DL_SYSCTL_disableSYSPLL                  0x00000abd   Thumb Code    16  ti_msp_dl_config.o(.text.DL_SYSCTL_disableSYSPLL)
    [Anonymous Symbol]                       0x00000abc   Section        0  ti_msp_dl_config.o(.text.DL_SYSCTL_disableSYSPLL)
    __arm_cp.34_0                            0x00000acc   Number         4  ti_msp_dl_config.o(.text.DL_SYSCTL_disableSYSPLL)
    DL_SYSCTL_enableMFCLK                    0x00000ad1   Thumb Code    16  ti_msp_dl_config.o(.text.DL_SYSCTL_enableMFCLK)
    [Anonymous Symbol]                       0x00000ad0   Section        0  ti_msp_dl_config.o(.text.DL_SYSCTL_enableMFCLK)
    DL_SYSCTL_setBORThreshold                0x00000ae1   Thumb Code    20  ti_msp_dl_config.o(.text.DL_SYSCTL_setBORThreshold)
    [Anonymous Symbol]                       0x00000ae0   Section        0  ti_msp_dl_config.o(.text.DL_SYSCTL_setBORThreshold)
    __arm_cp.30_0                            0x00000af4   Number         4  ti_msp_dl_config.o(.text.DL_SYSCTL_setBORThreshold)
    DL_SYSCTL_setFlashWaitState              0x00000af9   Thumb Code    28  ti_msp_dl_config.o(.text.DL_SYSCTL_setFlashWaitState)
    [Anonymous Symbol]                       0x00000af8   Section        0  ti_msp_dl_config.o(.text.DL_SYSCTL_setFlashWaitState)
    DL_SYSCTL_setSYSOSCFreq                  0x00000b15   Thumb Code    24  ti_msp_dl_config.o(.text.DL_SYSCTL_setSYSOSCFreq)
    [Anonymous Symbol]                       0x00000b14   Section        0  ti_msp_dl_config.o(.text.DL_SYSCTL_setSYSOSCFreq)
    __arm_cp.32_0                            0x00000b2c   Number         4  ti_msp_dl_config.o(.text.DL_SYSCTL_setSYSOSCFreq)
    DL_SYSCTL_setULPCLKDivider               0x00000b31   Thumb Code    24  ti_msp_dl_config.o(.text.DL_SYSCTL_setULPCLKDivider)
    [Anonymous Symbol]                       0x00000b30   Section        0  ti_msp_dl_config.o(.text.DL_SYSCTL_setULPCLKDivider)
    [Anonymous Symbol]                       0x00000b48   Section        0  dl_sysctl_mspm0g1x0x_g3x0x.o(.text.DL_SYSCTL_switchMCLKfromSYSOSCtoHSCLK)
    __arm_cp.4_0                             0x00000b68   Number         4  dl_sysctl_mspm0g1x0x_g3x0x.o(.text.DL_SYSCTL_switchMCLKfromSYSOSCtoHSCLK)
    __arm_cp.4_1                             0x00000b6c   Number         4  dl_sysctl_mspm0g1x0x_g3x0x.o(.text.DL_SYSCTL_switchMCLKfromSYSOSCtoHSCLK)
    DL_SYSTICK_enable                        0x00000b71   Thumb Code    12  ti_msp_dl_config.o(.text.DL_SYSTICK_enable)
    [Anonymous Symbol]                       0x00000b70   Section        0  ti_msp_dl_config.o(.text.DL_SYSTICK_enable)
    DL_SYSTICK_init                          0x00000b7d   Thumb Code    28  ti_msp_dl_config.o(.text.DL_SYSTICK_init)
    [Anonymous Symbol]                       0x00000b7c   Section        0  ti_msp_dl_config.o(.text.DL_SYSTICK_init)
    __arm_cp.57_0                            0x00000b98   Number         4  ti_msp_dl_config.o(.text.DL_SYSTICK_init)
    __arm_cp.57_1                            0x00000b9c   Number         4  ti_msp_dl_config.o(.text.DL_SYSTICK_init)
    __arm_cp.57_2                            0x00000ba0   Number         4  ti_msp_dl_config.o(.text.DL_SYSTICK_init)
    [Anonymous Symbol]                       0x00000ba4   Section        0  dl_timer.o(.text.DL_TimerA_initPWMMode)
    DL_Timer_enableClock                     0x00000c91   Thumb Code    16  ti_msp_dl_config.o(.text.DL_Timer_enableClock)
    [Anonymous Symbol]                       0x00000c90   Section        0  ti_msp_dl_config.o(.text.DL_Timer_enableClock)
    __arm_cp.39_0                            0x00000ca0   Number         4  ti_msp_dl_config.o(.text.DL_Timer_enableClock)
    DL_Timer_enableInterrupt                 0x00000ca5   Thumb Code    24  ti_msp_dl_config.o(.text.DL_Timer_enableInterrupt)
    [Anonymous Symbol]                       0x00000ca4   Section        0  ti_msp_dl_config.o(.text.DL_Timer_enableInterrupt)
    __arm_cp.41_0                            0x00000cbc   Number         4  ti_msp_dl_config.o(.text.DL_Timer_enableInterrupt)
    DL_Timer_enablePower                     0x00000cc1   Thumb Code    20  ti_msp_dl_config.o(.text.DL_Timer_enablePower)
    [Anonymous Symbol]                       0x00000cc0   Section        0  ti_msp_dl_config.o(.text.DL_Timer_enablePower)
    __arm_cp.16_0                            0x00000cd4   Number         4  ti_msp_dl_config.o(.text.DL_Timer_enablePower)
    DL_Timer_getPendingInterrupt             0x00000cd9   Thumb Code    18  encoder.o(.text.DL_Timer_getPendingInterrupt)
    [Anonymous Symbol]                       0x00000cd8   Section        0  encoder.o(.text.DL_Timer_getPendingInterrupt)
    [Anonymous Symbol]                       0x00000cec   Section        0  dl_timer.o(.text.DL_Timer_initPWMMode)
    __arm_cp.17_0                            0x00000df0   Number         4  dl_timer.o(.text.DL_Timer_initPWMMode)
    __arm_cp.17_2                            0x00000df4   Number         4  dl_timer.o(.text.DL_Timer_initPWMMode)
    [Anonymous Symbol]                       0x00000df8   Section        0  dl_timer.o(.text.DL_Timer_initTimerMode)
    DL_Timer_reset                           0x00000ef5   Thumb Code    16  ti_msp_dl_config.o(.text.DL_Timer_reset)
    [Anonymous Symbol]                       0x00000ef4   Section        0  ti_msp_dl_config.o(.text.DL_Timer_reset)
    DL_Timer_setCCPDirection                 0x00000f05   Thumb Code    20  ti_msp_dl_config.o(.text.DL_Timer_setCCPDirection)
    [Anonymous Symbol]                       0x00000f04   Section        0  ti_msp_dl_config.o(.text.DL_Timer_setCCPDirection)
    [Anonymous Symbol]                       0x00000f18   Section        0  dl_timer.o(.text.DL_Timer_setCaptCompUpdateMethod)
    [Anonymous Symbol]                       0x00000f48   Section        0  dl_timer.o(.text.DL_Timer_setCaptureCompareAction)
    __arm_cp.18_0                            0x00000f74   Number         4  dl_timer.o(.text.DL_Timer_setCaptureCompareAction)
    __arm_cp.18_1                            0x00000f78   Number         4  dl_timer.o(.text.DL_Timer_setCaptureCompareAction)
    [Anonymous Symbol]                       0x00000f7c   Section        0  dl_timer.o(.text.DL_Timer_setCaptureCompareCtl)
    __arm_cp.6_0                             0x00000fb0   Number         4  dl_timer.o(.text.DL_Timer_setCaptureCompareCtl)
    __arm_cp.6_1                             0x00000fb4   Number         4  dl_timer.o(.text.DL_Timer_setCaptureCompareCtl)
    [Anonymous Symbol]                       0x00000fb8   Section        0  dl_timer.o(.text.DL_Timer_setCaptureCompareInput)
    [Anonymous Symbol]                       0x00000fec   Section        0  dl_timer.o(.text.DL_Timer_setCaptureCompareOutCtl)
    __arm_cp.19_0                            0x00001028   Number         4  dl_timer.o(.text.DL_Timer_setCaptureCompareOutCtl)
    [Anonymous Symbol]                       0x0000102c   Section        0  dl_timer.o(.text.DL_Timer_setCaptureCompareValue)
    __arm_cp.5_0                             0x00001054   Number         4  dl_timer.o(.text.DL_Timer_setCaptureCompareValue)
    [Anonymous Symbol]                       0x00001058   Section        0  dl_timer.o(.text.DL_Timer_setClockConfig)
    DL_Timer_setCounterControl               0x00001085   Thumb Code    52  ti_msp_dl_config.o(.text.DL_Timer_setCounterControl)
    [Anonymous Symbol]                       0x00001084   Section        0  ti_msp_dl_config.o(.text.DL_Timer_setCounterControl)
    __arm_cp.38_1                            0x000010b8   Number         4  ti_msp_dl_config.o(.text.DL_Timer_setCounterControl)
    DL_Timer_setCounterValueAfterEnable      0x000010bd   Thumb Code    28  dl_timer.o(.text.DL_Timer_setCounterValueAfterEnable)
    [Anonymous Symbol]                       0x000010bc   Section        0  dl_timer.o(.text.DL_Timer_setCounterValueAfterEnable)
    DL_Timer_setLoadValue                    0x000010d9   Thumb Code    20  dl_timer.o(.text.DL_Timer_setLoadValue)
    [Anonymous Symbol]                       0x000010d8   Section        0  dl_timer.o(.text.DL_Timer_setLoadValue)
    __arm_cp.3_0                             0x000010ec   Number         4  dl_timer.o(.text.DL_Timer_setLoadValue)
    DL_Timer_startCounter                    0x000010f1   Thumb Code    20  empty.o(.text.DL_Timer_startCounter)
    [Anonymous Symbol]                       0x000010f0   Section        0  empty.o(.text.DL_Timer_startCounter)
    __arm_cp.1_0                             0x00001104   Number         4  empty.o(.text.DL_Timer_startCounter)
    DL_UART_disable                          0x00001109   Thumb Code    22  dl_uart.o(.text.DL_UART_disable)
    [Anonymous Symbol]                       0x00001108   Section        0  dl_uart.o(.text.DL_UART_disable)
    DL_UART_enable                           0x0000111f   Thumb Code    22  ti_msp_dl_config.o(.text.DL_UART_enable)
    [Anonymous Symbol]                       0x0000111e   Section        0  ti_msp_dl_config.o(.text.DL_UART_enable)
    DL_UART_enableFIFOs                      0x00001135   Thumb Code    24  ti_msp_dl_config.o(.text.DL_UART_enableFIFOs)
    [Anonymous Symbol]                       0x00001134   Section        0  ti_msp_dl_config.o(.text.DL_UART_enableFIFOs)
    DL_UART_enableLoopbackMode               0x0000114d   Thumb Code    22  ti_msp_dl_config.o(.text.DL_UART_enableLoopbackMode)
    [Anonymous Symbol]                       0x0000114c   Section        0  ti_msp_dl_config.o(.text.DL_UART_enableLoopbackMode)
    DL_UART_enablePower                      0x00001165   Thumb Code    20  ti_msp_dl_config.o(.text.DL_UART_enablePower)
    [Anonymous Symbol]                       0x00001164   Section        0  ti_msp_dl_config.o(.text.DL_UART_enablePower)
    __arm_cp.18_0                            0x00001178   Number         4  ti_msp_dl_config.o(.text.DL_UART_enablePower)
    [Anonymous Symbol]                       0x0000117c   Section        0  dl_uart.o(.text.DL_UART_init)
    __arm_cp.0_0                             0x000011c0   Number         4  dl_uart.o(.text.DL_UART_init)
    DL_UART_reset                            0x000011c5   Thumb Code    16  ti_msp_dl_config.o(.text.DL_UART_reset)
    [Anonymous Symbol]                       0x000011c4   Section        0  ti_msp_dl_config.o(.text.DL_UART_reset)
    __arm_cp.14_0                            0x000011d4   Number         4  ti_msp_dl_config.o(.text.DL_UART_reset)
    __arm_cp.14_1                            0x000011d8   Number         4  ti_msp_dl_config.o(.text.DL_UART_reset)
    DL_UART_setBaudRateDivisor               0x000011dd   Thumb Code    60  ti_msp_dl_config.o(.text.DL_UART_setBaudRateDivisor)
    [Anonymous Symbol]                       0x000011dc   Section        0  ti_msp_dl_config.o(.text.DL_UART_setBaudRateDivisor)
    __arm_cp.51_0                            0x00001218   Number         4  ti_msp_dl_config.o(.text.DL_UART_setBaudRateDivisor)
    __arm_cp.51_1                            0x0000121c   Number         4  ti_msp_dl_config.o(.text.DL_UART_setBaudRateDivisor)
    __arm_cp.51_2                            0x00001220   Number         4  ti_msp_dl_config.o(.text.DL_UART_setBaudRateDivisor)
    __arm_cp.51_3                            0x00001224   Number         4  ti_msp_dl_config.o(.text.DL_UART_setBaudRateDivisor)
    [Anonymous Symbol]                       0x00001228   Section        0  dl_uart.o(.text.DL_UART_setClockConfig)
    __arm_cp.3_0                             0x00001248   Number         4  dl_uart.o(.text.DL_UART_setClockConfig)
    DL_UART_setOversampling                  0x0000124d   Thumb Code    30  ti_msp_dl_config.o(.text.DL_UART_setOversampling)
    [Anonymous Symbol]                       0x0000124c   Section        0  ti_msp_dl_config.o(.text.DL_UART_setOversampling)
    DL_UART_setRXFIFOThreshold               0x0000126d   Thumb Code    36  ti_msp_dl_config.o(.text.DL_UART_setRXFIFOThreshold)
    [Anonymous Symbol]                       0x0000126c   Section        0  ti_msp_dl_config.o(.text.DL_UART_setRXFIFOThreshold)
    DL_UART_setTXFIFOThreshold               0x00001291   Thumb Code    36  ti_msp_dl_config.o(.text.DL_UART_setTXFIFOThreshold)
    [Anonymous Symbol]                       0x00001290   Section        0  ti_msp_dl_config.o(.text.DL_UART_setTXFIFOThreshold)
    __arm_cp.54_0                            0x000012b4   Number         4  ti_msp_dl_config.o(.text.DL_UART_setTXFIFOThreshold)
    [Anonymous Symbol]                       0x000012b8   Section        0  encoder.o(.text.GROUP1_IRQHandler)
    __arm_cp.0_0                             0x000013c0   Number         4  encoder.o(.text.GROUP1_IRQHandler)
    __arm_cp.0_1                             0x000013c4   Number         4  encoder.o(.text.GROUP1_IRQHandler)
    __arm_cp.0_3                             0x000013c8   Number         4  encoder.o(.text.GROUP1_IRQHandler)
    __arm_cp.0_4                             0x000013cc   Number         4  encoder.o(.text.GROUP1_IRQHandler)
    __arm_cp.0_5                             0x000013d0   Number         4  encoder.o(.text.GROUP1_IRQHandler)
    [Anonymous Symbol]                       0x000013d4   Section        0  key.o(.text.Get_Key_Confirm)
    [Anonymous Symbol]                       0x00001414   Section        0  key.o(.text.Get_Key_Next)
    __arm_cp.0_0                             0x00001454   Number         4  key.o(.text.Get_Key_Next)
    [Anonymous Symbol]                       0x00001458   Section        0  key.o(.text.Handle_Keys)
    __arm_cp.3_0                             0x000014dc   Number         4  key.o(.text.Handle_Keys)
    __arm_cp.3_1                             0x000014e0   Number         4  key.o(.text.Handle_Keys)
    __arm_cp.3_2                             0x000014e4   Number         4  key.o(.text.Handle_Keys)
    __arm_cp.3_3                             0x000014e8   Number         4  key.o(.text.Handle_Keys)
    __arm_cp.3_4                             0x000014ec   Number         4  key.o(.text.Handle_Keys)
    __arm_cp.3_5                             0x000014f0   Number         4  key.o(.text.Handle_Keys)
    [Anonymous Symbol]                       0x000014f4   Section        0  oled.o(.text.I2C_WriteByte)
    __arm_cp.1_0                             0x00001564   Number         4  oled.o(.text.I2C_WriteByte)
    [Anonymous Symbol]                       0x00001568   Section        0  pid.o(.text.Line_Tracking_Control)
    __arm_cp.0_0                             0x00001708   Number         4  pid.o(.text.Line_Tracking_Control)
    __arm_cp.0_1                             0x0000170c   Number         4  pid.o(.text.Line_Tracking_Control)
    __arm_cp.0_2                             0x00001710   Number         4  pid.o(.text.Line_Tracking_Control)
    __arm_cp.0_3                             0x00001714   Number         4  pid.o(.text.Line_Tracking_Control)
    __arm_cp.0_4                             0x00001718   Number         4  pid.o(.text.Line_Tracking_Control)
    __arm_cp.0_5                             0x0000171c   Number         4  pid.o(.text.Line_Tracking_Control)
    __arm_cp.0_6                             0x00001720   Number         4  pid.o(.text.Line_Tracking_Control)
    __arm_cp.0_7                             0x00001724   Number         4  pid.o(.text.Line_Tracking_Control)
    __arm_cp.0_8                             0x00001728   Number         4  pid.o(.text.Line_Tracking_Control)
    __arm_cp.0_9                             0x0000172c   Number         4  pid.o(.text.Line_Tracking_Control)
    __arm_cp.0_10                            0x00001730   Number         4  pid.o(.text.Line_Tracking_Control)
    __arm_cp.0_11                            0x00001734   Number         4  pid.o(.text.Line_Tracking_Control)
    __arm_cp.0_12                            0x00001738   Number         4  pid.o(.text.Line_Tracking_Control)
    __arm_cp.0_13                            0x0000173c   Number         4  pid.o(.text.Line_Tracking_Control)
    __arm_cp.0_14                            0x00001740   Number         4  pid.o(.text.Line_Tracking_Control)
    [Anonymous Symbol]                       0x00001744   Section        0  oled.o(.text.OLED_CLS)
    [Anonymous Symbol]                       0x0000174e   Section        0  oled.o(.text.OLED_Fill)
    [Anonymous Symbol]                       0x000017b6   Section        0  oled.o(.text.OLED_I2C_Init)
    [Anonymous Symbol]                       0x000017b8   Section        0  oled.o(.text.OLED_Init)
    __arm_cp.6_0                             0x00001878   Number         4  oled.o(.text.OLED_Init)
    [Anonymous Symbol]                       0x0000187c   Section        0  oled.o(.text.OLED_SetPos)
    [Anonymous Symbol]                       0x000018b4   Section        0  oled.o(.text.OLED_ShowChar)
    __arm_cp.13_0                            0x000019fc   Number         4  oled.o(.text.OLED_ShowChar)
    __arm_cp.13_1                            0x00001a00   Number         4  oled.o(.text.OLED_ShowChar)
    [Anonymous Symbol]                       0x00001a04   Section        0  oled.o(.text.OLED_ShowNum)
    [Anonymous Symbol]                       0x00001a8a   Section        0  oled.o(.text.OLED_ShowString)
    [Anonymous Symbol]                       0x00001adc   Section        0  key.o(.text.OLED_UpdateDebug)
    __arm_cp.8_0                             0x00001b24   Number         4  key.o(.text.OLED_UpdateDebug)
    __arm_cp.8_1                             0x00001b28   Number         4  key.o(.text.OLED_UpdateDebug)
    __arm_cp.8_2                             0x00001b2c   Number         4  key.o(.text.OLED_UpdateDebug)
    [Anonymous Symbol]                       0x00001b30   Section        0  key.o(.text.OLED_UpdateProgress)
    __arm_cp.5_0                             0x00001b58   Number         4  key.o(.text.OLED_UpdateProgress)
    __arm_cp.5_1                             0x00001b5c   Number         4  key.o(.text.OLED_UpdateProgress)
    [Anonymous Symbol]                       0x00001b60   Section        0  key.o(.text.OLED_UpdateStatus)
    __arm_cp.7_0                             0x00001b8c   Number         4  key.o(.text.OLED_UpdateStatus)
    __arm_cp.7_1                             0x00001b90   Number         4  key.o(.text.OLED_UpdateStatus)
    __arm_cp.7_2                             0x00001b94   Number         4  key.o(.text.OLED_UpdateStatus)
    [Anonymous Symbol]                       0x00001b98   Section        0  key.o(.text.OLED_UpdateTarget)
    __arm_cp.4_0                             0x00001bc0   Number         4  key.o(.text.OLED_UpdateTarget)
    __arm_cp.4_1                             0x00001bc4   Number         4  key.o(.text.OLED_UpdateTarget)
    [Anonymous Symbol]                       0x00001bc8   Section        0  ti_msp_dl_config.o(.text.SYSCFG_DL_GPIO_init)
    __arm_cp.2_0                             0x00001d6c   Number         4  ti_msp_dl_config.o(.text.SYSCFG_DL_GPIO_init)
    __arm_cp.2_2                             0x00001d70   Number         4  ti_msp_dl_config.o(.text.SYSCFG_DL_GPIO_init)
    [Anonymous Symbol]                       0x00001d74   Section        0  ti_msp_dl_config.o(.text.SYSCFG_DL_I2C_OLED_init)
    __arm_cp.6_0                             0x00001dc4   Number         4  ti_msp_dl_config.o(.text.SYSCFG_DL_I2C_OLED_init)
    [Anonymous Symbol]                       0x00001dc8   Section        0  ti_msp_dl_config.o(.text.SYSCFG_DL_PWM_0_init)
    __arm_cp.4_0                             0x00001e48   Number         4  ti_msp_dl_config.o(.text.SYSCFG_DL_PWM_0_init)
    __arm_cp.4_2                             0x00001e4c   Number         4  ti_msp_dl_config.o(.text.SYSCFG_DL_PWM_0_init)
    [Anonymous Symbol]                       0x00001e50   Section        0  ti_msp_dl_config.o(.text.SYSCFG_DL_SYSCTL_init)
    __arm_cp.3_0                             0x00001e98   Number         4  ti_msp_dl_config.o(.text.SYSCFG_DL_SYSCTL_init)
    [Anonymous Symbol]                       0x00001e9c   Section        0  ti_msp_dl_config.o(.text.SYSCFG_DL_SYSTICK_init)
    [Anonymous Symbol]                       0x00001eac   Section        0  ti_msp_dl_config.o(.text.SYSCFG_DL_TIMER_0_init)
    __arm_cp.5_0                             0x00001ed4   Number         4  ti_msp_dl_config.o(.text.SYSCFG_DL_TIMER_0_init)
    __arm_cp.5_2                             0x00001ed8   Number         4  ti_msp_dl_config.o(.text.SYSCFG_DL_TIMER_0_init)
    [Anonymous Symbol]                       0x00001edc   Section        0  ti_msp_dl_config.o(.text.SYSCFG_DL_UART_0_init)
    __arm_cp.7_0                             0x00001f2c   Number         4  ti_msp_dl_config.o(.text.SYSCFG_DL_UART_0_init)
    __arm_cp.7_2                             0x00001f30   Number         4  ti_msp_dl_config.o(.text.SYSCFG_DL_UART_0_init)
    [Anonymous Symbol]                       0x00001f34   Section        0  ti_msp_dl_config.o(.text.SYSCFG_DL_init)
    __arm_cp.0_0                             0x00001f60   Number         4  ti_msp_dl_config.o(.text.SYSCFG_DL_init)
    [Anonymous Symbol]                       0x00001f64   Section        0  ti_msp_dl_config.o(.text.SYSCFG_DL_initPower)
    __arm_cp.1_0                             0x00001fc8   Number         4  ti_msp_dl_config.o(.text.SYSCFG_DL_initPower)
    __arm_cp.1_4                             0x00001fcc   Number         4  ti_msp_dl_config.o(.text.SYSCFG_DL_initPower)
    __arm_cp.1_5                             0x00001fd0   Number         4  ti_msp_dl_config.o(.text.SYSCFG_DL_initPower)
    [Anonymous Symbol]                       0x00001fd4   Section        0  motor.o(.text.Set_PWM)
    __arm_cp.1_1                             0x00002118   Number         4  motor.o(.text.Set_PWM)
    [Anonymous Symbol]                       0x0000211c   Section        0  board.o(.text.Systick_getTick)
    __arm_cp.3_0                             0x00002124   Number         4  board.o(.text.Systick_getTick)
    [Anonymous Symbol]                       0x00002128   Section        0  encoder.o(.text.TIMG0_IRQHandler)
    __arm_cp.4_0                             0x00002154   Number         4  encoder.o(.text.TIMG0_IRQHandler)
    __arm_cp.4_1                             0x00002158   Number         4  encoder.o(.text.TIMG0_IRQHandler)
    __arm_cp.4_2                             0x0000215c   Number         4  encoder.o(.text.TIMG0_IRQHandler)
    __arm_cp.4_3                             0x00002160   Number         4  encoder.o(.text.TIMG0_IRQHandler)
    __arm_cp.4_4                             0x00002164   Number         4  encoder.o(.text.TIMG0_IRQHandler)
    [Anonymous Symbol]                       0x00002168   Section        0  huidu.o(.text.Update_Sensor_State)
    __arm_cp.0_0                             0x000021d8   Number         4  huidu.o(.text.Update_Sensor_State)
    __arm_cp.0_1                             0x000021dc   Number         4  huidu.o(.text.Update_Sensor_State)
    __arm_cp.0_2                             0x000021e0   Number         4  huidu.o(.text.Update_Sensor_State)
    __arm_cp.0_3                             0x000021e4   Number         4  huidu.o(.text.Update_Sensor_State)
    __arm_cp.0_4                             0x000021e8   Number         4  huidu.o(.text.Update_Sensor_State)
    __arm_cp.0_5                             0x000021ec   Number         4  huidu.o(.text.Update_Sensor_State)
    __arm_cp.0_6                             0x000021f0   Number         4  huidu.o(.text.Update_Sensor_State)
    [Anonymous Symbol]                       0x000021f4   Section        0  oled.o(.text.WriteCmd)
    [Anonymous Symbol]                       0x0000220a   Section        0  oled.o(.text.WriteData)
    __NVIC_ClearPendingIRQ                   0x00002221   Thumb Code    40  empty.o(.text.__NVIC_ClearPendingIRQ)
    [Anonymous Symbol]                       0x00002220   Section        0  empty.o(.text.__NVIC_ClearPendingIRQ)
    __arm_cp.2_0                             0x00002248   Number         4  empty.o(.text.__NVIC_ClearPendingIRQ)
    __NVIC_EnableIRQ                         0x0000224d   Thumb Code    40  empty.o(.text.__NVIC_EnableIRQ)
    [Anonymous Symbol]                       0x0000224c   Section        0  empty.o(.text.__NVIC_EnableIRQ)
    __arm_cp.3_0                             0x00002274   Number         4  empty.o(.text.__NVIC_EnableIRQ)
    __NVIC_SetPriority                       0x00002279   Thumb Code   124  ti_msp_dl_config.o(.text.__NVIC_SetPriority)
    [Anonymous Symbol]                       0x00002278   Section        0  ti_msp_dl_config.o(.text.__NVIC_SetPriority)
    __arm_cp.37_0                            0x000022f4   Number         4  ti_msp_dl_config.o(.text.__NVIC_SetPriority)
    __arm_cp.37_1                            0x000022f8   Number         4  ti_msp_dl_config.o(.text.__NVIC_SetPriority)
    [Anonymous Symbol]                       0x000022fc   Section        0  board.o(.text.delay_ms)
    __arm_cp.4_0                             0x00002328   Number         4  board.o(.text.delay_ms)
    [Anonymous Symbol]                       0x0000232c   Section        0  board.o(.text.delay_us)
    __arm_cp.5_0                             0x000023b0   Number         4  board.o(.text.delay_us)
    __arm_cp.5_1                             0x000023b4   Number         4  board.o(.text.delay_us)
    __arm_cp.5_2                             0x000023b8   Number         4  board.o(.text.delay_us)
    [Anonymous Symbol]                       0x000023bc   Section        0  empty.o(.text.main)
    __arm_cp.0_0                             0x00002450   Number         4  empty.o(.text.main)
    __arm_cp.0_1                             0x00002454   Number         4  empty.o(.text.main)
    __arm_cp.0_2                             0x00002458   Number         4  empty.o(.text.main)
    [Anonymous Symbol]                       0x0000245c   Section        0  oled.o(.text.oled_pow)
    i.__scatterload_copy                     0x00002490   Section       14  handlers.o(i.__scatterload_copy)
    i.__scatterload_null                     0x000024a0   Section        2  handlers.o(i.__scatterload_null)
    i.__scatterload_zeroinit                 0x000024a8   Section       14  handlers.o(i.__scatterload_zeroinit)
    gI2C_OLEDClockConfig                     0x00002cce   Data           2  ti_msp_dl_config.o(.rodata.gI2C_OLEDClockConfig)
    [Anonymous Symbol]                       0x00002cce   Section        0  ti_msp_dl_config.o(.rodata.gI2C_OLEDClockConfig)
    gPWM_0ClockConfig                        0x00002cd0   Data           3  ti_msp_dl_config.o(.rodata.gPWM_0ClockConfig)
    [Anonymous Symbol]                       0x00002cd0   Section        0  ti_msp_dl_config.o(.rodata.gPWM_0ClockConfig)
    gPWM_0Config                             0x00002cd4   Data           8  ti_msp_dl_config.o(.rodata.gPWM_0Config)
    [Anonymous Symbol]                       0x00002cd4   Section        0  ti_msp_dl_config.o(.rodata.gPWM_0Config)
    gSYSPLLConfig                            0x00002cdc   Data          40  ti_msp_dl_config.o(.rodata.gSYSPLLConfig)
    [Anonymous Symbol]                       0x00002cdc   Section        0  ti_msp_dl_config.o(.rodata.gSYSPLLConfig)
    gTIMER_0ClockConfig                      0x00002d04   Data           3  ti_msp_dl_config.o(.rodata.gTIMER_0ClockConfig)
    [Anonymous Symbol]                       0x00002d04   Section        0  ti_msp_dl_config.o(.rodata.gTIMER_0ClockConfig)
    gTIMER_0TimerConfig                      0x00002d08   Data          20  ti_msp_dl_config.o(.rodata.gTIMER_0TimerConfig)
    [Anonymous Symbol]                       0x00002d08   Section        0  ti_msp_dl_config.o(.rodata.gTIMER_0TimerConfig)
    gUART_0ClockConfig                       0x00002d1c   Data           2  ti_msp_dl_config.o(.rodata.gUART_0ClockConfig)
    [Anonymous Symbol]                       0x00002d1c   Section        0  ti_msp_dl_config.o(.rodata.gUART_0ClockConfig)
    gUART_0Config                            0x00002d1e   Data          10  ti_msp_dl_config.o(.rodata.gUART_0Config)
    [Anonymous Symbol]                       0x00002d1e   Section        0  ti_msp_dl_config.o(.rodata.gUART_0Config)
    [Anonymous Symbol]                       0x00002d28   Section        0  empty.o(.rodata.str1.1)
    [Anonymous Symbol]                       0x00002d30   Section        0  key.o(.rodata.str1.1)
    STACK                                    0x20200120   Section     4096  startup_mspm0g350x_uvision.o(STACK)

    Global Symbols

    Symbol Name                              Value     Ov Type        Size  Object(Section)

    BuildAttributes$$THM_ISAv3M$S$PE$A:L22$X:L11$S22$IEEE1$IW$~IW$USESV6$~STKCKD$USESV7$~SHL$OTIME$ROPI$EBA8$MICROLIB$REQ8$PRES8$EABIv2 0x00000000   Number         0  anon$$obj.o ABSOLUTE
    __Vectors                                0x00000000   Data           4  startup_mspm0g350x_uvision.o(RESET)
    __cpp_initialize__aeabi_                  - Undefined Weak Reference
    __cxa_finalize                            - Undefined Weak Reference
    __decompress                              - Undefined Weak Reference
    _clock_init                               - Undefined Weak Reference
    _microlib_exit                            - Undefined Weak Reference
    __Vectors_End                            0x000000c0   Data           0  startup_mspm0g350x_uvision.o(RESET)
    __Vectors_Size                           0x000000c0   Number         0  startup_mspm0g350x_uvision.o ABSOLUTE
    __main                                   0x000000c1   Thumb Code     0  entry.o(.ARM.Collect$$$$00000000)
    _main_stk                                0x000000c1   Thumb Code     0  entry2.o(.ARM.Collect$$$$00000001)
    _main_scatterload                        0x000000c5   Thumb Code     0  entry5.o(.ARM.Collect$$$$00000004)
    __main_after_scatterload                 0x000000c9   Thumb Code     0  entry5.o(.ARM.Collect$$$$00000004)
    _main_clock                              0x000000c9   Thumb Code     0  entry7b.o(.ARM.Collect$$$$00000008)
    _main_cpp_init                           0x000000c9   Thumb Code     0  entry8b.o(.ARM.Collect$$$$0000000A)
    _main_init                               0x000000c9   Thumb Code     0  entry9a.o(.ARM.Collect$$$$0000000B)
    __rt_final_cpp                           0x000000d1   Thumb Code     0  entry10a.o(.ARM.Collect$$$$0000000D)
    __rt_final_exit                          0x000000d1   Thumb Code     0  entry11a.o(.ARM.Collect$$$$0000000F)
    Reset_Handler                            0x000000d5   Thumb Code     4  startup_mspm0g350x_uvision.o(.text)
    NMI_Handler                              0x000000d9   Thumb Code     2  startup_mspm0g350x_uvision.o(.text)
    HardFault_Handler                        0x000000db   Thumb Code     2  startup_mspm0g350x_uvision.o(.text)
    SVC_Handler                              0x000000dd   Thumb Code     2  startup_mspm0g350x_uvision.o(.text)
    PendSV_Handler                           0x000000df   Thumb Code     2  startup_mspm0g350x_uvision.o(.text)
    SysTick_Handler                          0x000000e1   Thumb Code     2  startup_mspm0g350x_uvision.o(.text)
    ADC0_IRQHandler                          0x000000e3   Thumb Code     0  startup_mspm0g350x_uvision.o(.text)
    ADC1_IRQHandler                          0x000000e3   Thumb Code     0  startup_mspm0g350x_uvision.o(.text)
    AES_IRQHandler                           0x000000e3   Thumb Code     0  startup_mspm0g350x_uvision.o(.text)
    CANFD0_IRQHandler                        0x000000e3   Thumb Code     0  startup_mspm0g350x_uvision.o(.text)
    DAC0_IRQHandler                          0x000000e3   Thumb Code     0  startup_mspm0g350x_uvision.o(.text)
    DMA_IRQHandler                           0x000000e3   Thumb Code     0  startup_mspm0g350x_uvision.o(.text)
    Default_Handler                          0x000000e3   Thumb Code     2  startup_mspm0g350x_uvision.o(.text)
    GROUP0_IRQHandler                        0x000000e3   Thumb Code     0  startup_mspm0g350x_uvision.o(.text)
    I2C0_IRQHandler                          0x000000e3   Thumb Code     0  startup_mspm0g350x_uvision.o(.text)
    I2C1_IRQHandler                          0x000000e3   Thumb Code     0  startup_mspm0g350x_uvision.o(.text)
    RTC_IRQHandler                           0x000000e3   Thumb Code     0  startup_mspm0g350x_uvision.o(.text)
    SPI0_IRQHandler                          0x000000e3   Thumb Code     0  startup_mspm0g350x_uvision.o(.text)
    SPI1_IRQHandler                          0x000000e3   Thumb Code     0  startup_mspm0g350x_uvision.o(.text)
    TIMA0_IRQHandler                         0x000000e3   Thumb Code     0  startup_mspm0g350x_uvision.o(.text)
    TIMA1_IRQHandler                         0x000000e3   Thumb Code     0  startup_mspm0g350x_uvision.o(.text)
    TIMG12_IRQHandler                        0x000000e3   Thumb Code     0  startup_mspm0g350x_uvision.o(.text)
    TIMG6_IRQHandler                         0x000000e3   Thumb Code     0  startup_mspm0g350x_uvision.o(.text)
    TIMG7_IRQHandler                         0x000000e3   Thumb Code     0  startup_mspm0g350x_uvision.o(.text)
    TIMG8_IRQHandler                         0x000000e3   Thumb Code     0  startup_mspm0g350x_uvision.o(.text)
    UART0_IRQHandler                         0x000000e3   Thumb Code     0  startup_mspm0g350x_uvision.o(.text)
    UART1_IRQHandler                         0x000000e3   Thumb Code     0  startup_mspm0g350x_uvision.o(.text)
    UART2_IRQHandler                         0x000000e3   Thumb Code     0  startup_mspm0g350x_uvision.o(.text)
    UART3_IRQHandler                         0x000000e3   Thumb Code     0  startup_mspm0g350x_uvision.o(.text)
    __aeabi_fadd                             0x000000e9   Thumb Code   162  fadd.o(.text)
    __aeabi_fsub                             0x0000018b   Thumb Code     8  fadd.o(.text)
    __aeabi_frsub                            0x00000193   Thumb Code     8  fadd.o(.text)
    __aeabi_fmul                             0x0000019b   Thumb Code   122  fmul.o(.text)
    __aeabi_fdiv                             0x00000215   Thumb Code   124  fdiv.o(.text)
    __aeabi_fcmple                           0x00000291   Thumb Code    28  fcmple.o(.text)
    __aeabi_fcmpge                           0x000002ad   Thumb Code    28  fcmpge.o(.text)
    __aeabi_i2f                              0x000002c9   Thumb Code    22  fflti.o(.text)
    __aeabi_f2iz                             0x000002df   Thumb Code    50  ffixi.o(.text)
    __aeabi_uidiv                            0x00000311   Thumb Code     0  uidiv_div0.o(.text)
    __aeabi_uidivmod                         0x00000311   Thumb Code    62  uidiv_div0.o(.text)
    __I$use$fp                               0x0000034f   Thumb Code     0  iusefp.o(.text)
    _float_round                             0x0000034f   Thumb Code    16  fepilogue.o(.text)
    _float_epilogue                          0x0000035f   Thumb Code   114  fepilogue.o(.text)
    __scatterload                            0x000003d1   Thumb Code    38  init.o(.text)
    __scatterload_rt2                        0x000003d1   Thumb Code     0  init.o(.text)
    Check_L2_Update                          0x00000401   Thumb Code   184  key.o(.text.Check_L2_Update)
    DL_Common_delayCycles                    0x000004dd   Thumb Code    20  dl_common.o(.text.DL_Common_delayCycles)
    DL_I2C_fillControllerTXFIFO              0x0000081d   Thumb Code    84  dl_i2c.o(.text.DL_I2C_fillControllerTXFIFO)
    DL_I2C_setClockConfig                    0x000008f1   Thumb Code    48  dl_i2c.o(.text.DL_I2C_setClockConfig)
    DL_SYSCTL_configSYSPLL                   0x000009f1   Thumb Code   192  dl_sysctl_mspm0g1x0x_g3x0x.o(.text.DL_SYSCTL_configSYSPLL)
    DL_SYSCTL_switchMCLKfromSYSOSCtoHSCLK    0x00000b49   Thumb Code    40  dl_sysctl_mspm0g1x0x_g3x0x.o(.text.DL_SYSCTL_switchMCLKfromSYSOSCtoHSCLK)
    DL_TimerA_initPWMMode                    0x00000ba5   Thumb Code   234  dl_timer.o(.text.DL_TimerA_initPWMMode)
    DL_Timer_initPWMMode                     0x00000ced   Thumb Code   260  dl_timer.o(.text.DL_Timer_initPWMMode)
    DL_Timer_initTimerMode                   0x00000df9   Thumb Code   252  dl_timer.o(.text.DL_Timer_initTimerMode)
    DL_Timer_setCaptCompUpdateMethod         0x00000f19   Thumb Code    48  dl_timer.o(.text.DL_Timer_setCaptCompUpdateMethod)
    DL_Timer_setCaptureCompareAction         0x00000f49   Thumb Code    44  dl_timer.o(.text.DL_Timer_setCaptureCompareAction)
    DL_Timer_setCaptureCompareCtl            0x00000f7d   Thumb Code    52  dl_timer.o(.text.DL_Timer_setCaptureCompareCtl)
    DL_Timer_setCaptureCompareInput          0x00000fb9   Thumb Code    52  dl_timer.o(.text.DL_Timer_setCaptureCompareInput)
    DL_Timer_setCaptureCompareOutCtl         0x00000fed   Thumb Code    60  dl_timer.o(.text.DL_Timer_setCaptureCompareOutCtl)
    DL_Timer_setCaptureCompareValue          0x0000102d   Thumb Code    40  dl_timer.o(.text.DL_Timer_setCaptureCompareValue)
    DL_Timer_setClockConfig                  0x00001059   Thumb Code    44  dl_timer.o(.text.DL_Timer_setClockConfig)
    DL_UART_init                             0x0000117d   Thumb Code    68  dl_uart.o(.text.DL_UART_init)
    DL_UART_setClockConfig                   0x00001229   Thumb Code    32  dl_uart.o(.text.DL_UART_setClockConfig)
    GROUP1_IRQHandler                        0x000012b9   Thumb Code   264  encoder.o(.text.GROUP1_IRQHandler)
    Get_Key_Confirm                          0x000013d5   Thumb Code    64  key.o(.text.Get_Key_Confirm)
    Get_Key_Next                             0x00001415   Thumb Code    64  key.o(.text.Get_Key_Next)
    Handle_Keys                              0x00001459   Thumb Code   132  key.o(.text.Handle_Keys)
    I2C_WriteByte                            0x000014f5   Thumb Code   112  oled.o(.text.I2C_WriteByte)
    Line_Tracking_Control                    0x00001569   Thumb Code   416  pid.o(.text.Line_Tracking_Control)
    OLED_CLS                                 0x00001745   Thumb Code    10  oled.o(.text.OLED_CLS)
    OLED_Fill                                0x0000174f   Thumb Code   104  oled.o(.text.OLED_Fill)
    OLED_I2C_Init                            0x000017b7   Thumb Code     2  oled.o(.text.OLED_I2C_Init)
    OLED_Init                                0x000017b9   Thumb Code   192  oled.o(.text.OLED_Init)
    OLED_SetPos                              0x0000187d   Thumb Code    54  oled.o(.text.OLED_SetPos)
    OLED_ShowChar                            0x000018b5   Thumb Code   328  oled.o(.text.OLED_ShowChar)
    OLED_ShowNum                             0x00001a05   Thumb Code   134  oled.o(.text.OLED_ShowNum)
    OLED_ShowString                          0x00001a8b   Thumb Code    82  oled.o(.text.OLED_ShowString)
    OLED_UpdateDebug                         0x00001add   Thumb Code    72  key.o(.text.OLED_UpdateDebug)
    OLED_UpdateProgress                      0x00001b31   Thumb Code    40  key.o(.text.OLED_UpdateProgress)
    OLED_UpdateStatus                        0x00001b61   Thumb Code    44  key.o(.text.OLED_UpdateStatus)
    OLED_UpdateTarget                        0x00001b99   Thumb Code    40  key.o(.text.OLED_UpdateTarget)
    SYSCFG_DL_GPIO_init                      0x00001bc9   Thumb Code   420  ti_msp_dl_config.o(.text.SYSCFG_DL_GPIO_init)
    SYSCFG_DL_I2C_OLED_init                  0x00001d75   Thumb Code    80  ti_msp_dl_config.o(.text.SYSCFG_DL_I2C_OLED_init)
    SYSCFG_DL_PWM_0_init                     0x00001dc9   Thumb Code   128  ti_msp_dl_config.o(.text.SYSCFG_DL_PWM_0_init)
    SYSCFG_DL_SYSCTL_init                    0x00001e51   Thumb Code    72  ti_msp_dl_config.o(.text.SYSCFG_DL_SYSCTL_init)
    SYSCFG_DL_SYSTICK_init                   0x00001e9d   Thumb Code    16  ti_msp_dl_config.o(.text.SYSCFG_DL_SYSTICK_init)
    SYSCFG_DL_TIMER_0_init                   0x00001ead   Thumb Code    40  ti_msp_dl_config.o(.text.SYSCFG_DL_TIMER_0_init)
    SYSCFG_DL_UART_0_init                    0x00001edd   Thumb Code    80  ti_msp_dl_config.o(.text.SYSCFG_DL_UART_0_init)
    SYSCFG_DL_init                           0x00001f35   Thumb Code    44  ti_msp_dl_config.o(.text.SYSCFG_DL_init)
    SYSCFG_DL_initPower                      0x00001f65   Thumb Code   100  ti_msp_dl_config.o(.text.SYSCFG_DL_initPower)
    Set_PWM                                  0x00001fd5   Thumb Code   324  motor.o(.text.Set_PWM)
    Systick_getTick                          0x0000211d   Thumb Code     8  board.o(.text.Systick_getTick)
    TIMG0_IRQHandler                         0x00002129   Thumb Code    44  encoder.o(.text.TIMG0_IRQHandler)
    Update_Sensor_State                      0x00002169   Thumb Code   112  huidu.o(.text.Update_Sensor_State)
    WriteCmd                                 0x000021f5   Thumb Code    22  oled.o(.text.WriteCmd)
    WriteData                                0x0000220b   Thumb Code    22  oled.o(.text.WriteData)
    delay_ms                                 0x000022fd   Thumb Code    44  board.o(.text.delay_ms)
    delay_us                                 0x0000232d   Thumb Code   132  board.o(.text.delay_us)
    main                                     0x000023bd   Thumb Code   148  empty.o(.text.main)
    oled_pow                                 0x0000245d   Thumb Code    48  oled.o(.text.oled_pow)
    __scatterload_copy                       0x00002491   Thumb Code    14  handlers.o(i.__scatterload_copy)
    __scatterload_null                       0x000024a1   Thumb Code     2  handlers.o(i.__scatterload_null)
    __scatterload_zeroinit                   0x000024a9   Thumb Code    14  handlers.o(i.__scatterload_zeroinit)
    F6x8                                     0x000024b6   Data         552  oled.o(.rodata.F6x8)
    F8X16                                    0x000026de   Data        1520  oled.o(.rodata.F8X16)
    Region$$Table$$Base                      0x00002d80   Number         0  anon$$obj.o(Region$$Table)
    Region$$Table$$Limit                     0x00002da0   Number         0  anon$$obj.o(Region$$Table)
    AmplifyFactor                            0x20200000   Data           4  pid.o(.data.AmplifyFactor)
    BaseSpeed                                0x20200004   Data           4  pid.o(.data.BaseSpeed)
    Kd                                       0x20200008   Data           4  pid.o(.data.Kd)
    Kp                                       0x2020000c   Data           4  pid.o(.data.Kp)
    targetCount                              0x20200010   Data           4  key.o(.data.targetCount)
    Error                                    0x20200018   Data           4  pid.o(.bss.Error)
    Get_Encoder_countA                       0x2020001c   Data           4  encoder.o(.bss.Get_Encoder_countA)
    Get_Encoder_countB                       0x20200020   Data           4  encoder.o(.bss.Get_Encoder_countB)
    L1                                       0x20200024   Data           1  huidu.o(.bss.L1)
    L2                                       0x20200025   Data           1  huidu.o(.bss.L2)
    L2_last                                  0x20200028   Data           4  key.o(.bss.L2_last)
    Last_Error                               0x2020002c   Data           4  pid.o(.bss.Last_Error)
    LeftSpeed                                0x20200030   Data           4  pid.o(.bss.LeftSpeed)
    M                                        0x20200034   Data           1  huidu.o(.bss.M)
    R1                                       0x20200035   Data           1  huidu.o(.bss.R1)
    R2                                       0x20200036   Data           1  huidu.o(.bss.R2)
    RightSpeed                               0x20200038   Data           4  pid.o(.bss.RightSpeed)
    Track                                    0x2020003c   Data           4  pid.o(.bss.Track)
    carRunning                               0x20200040   Data           4  key.o(.bss.carRunning)
    count1                                   0x20200044   Data           4  key.o(.bss.count1)
    count2                                   0x20200048   Data           4  key.o(.bss.count2)
    encoderA_cnt                             0x2020004c   Data           4  encoder.o(.bss.encoderA_cnt)
    encoderB_cnt                             0x20200050   Data           4  encoder.o(.bss.encoderB_cnt)
    gPWM_0Backup                             0x20200054   Data         188  ti_msp_dl_config.o(.bss.gPWM_0Backup)
    gpio_interrup1                           0x20200110   Data           4  encoder.o(.bss.gpio_interrup1)
    gpio_interrup2                           0x20200114   Data           4  encoder.o(.bss.gpio_interrup2)
    lastCount1Time                           0x20200118   Data           4  key.o(.bss.lastCount1Time)
    __initial_sp                             0x20201120   Data           0  startup_mspm0g350x_uvision.o(STACK)



==============================================================================

Memory Map of the image

  Image Entry point : 0x000000c1

  Load Region LR_IROM1 (Base: 0x00000000, Size: 0x00002db8, Max: 0x00020000, ABSOLUTE)

    Execution Region ER_IROM1 (Exec base: 0x00000000, Load base: 0x00000000, Size: 0x00002da0, Max: 0x00020000, ABSOLUTE)

    Exec Addr    Load Addr    Size         Type   Attr      Idx    E Section Name        Object

    0x00000000   0x00000000   0x000000c0   Data   RO            3    RESET               startup_mspm0g350x_uvision.o
    0x000000c0   0x000000c0   0x00000000   Code   RO         1529  * .ARM.Collect$$$$00000000  mc_p.l(entry.o)
    0x000000c0   0x000000c0   0x00000004   Code   RO         1556    .ARM.Collect$$$$00000001  mc_p.l(entry2.o)
    0x000000c4   0x000000c4   0x00000004   Code   RO         1559    .ARM.Collect$$$$00000004  mc_p.l(entry5.o)
    0x000000c8   0x000000c8   0x00000000   Code   RO         1561    .ARM.Collect$$$$00000008  mc_p.l(entry7b.o)
    0x000000c8   0x000000c8   0x00000000   Code   RO         1563    .ARM.Collect$$$$0000000A  mc_p.l(entry8b.o)
    0x000000c8   0x000000c8   0x00000008   Code   RO         1564    .ARM.Collect$$$$0000000B  mc_p.l(entry9a.o)
    0x000000d0   0x000000d0   0x00000000   Code   RO         1566    .ARM.Collect$$$$0000000D  mc_p.l(entry10a.o)
    0x000000d0   0x000000d0   0x00000000   Code   RO         1568    .ARM.Collect$$$$0000000F  mc_p.l(entry11a.o)
    0x000000d0   0x000000d0   0x00000004   Code   RO         1557    .ARM.Collect$$$$00002712  mc_p.l(entry2.o)
    0x000000d4   0x000000d4   0x00000014   Code   RO            4    .text               startup_mspm0g350x_uvision.o
    0x000000e8   0x000000e8   0x000000b2   Code   RO         1538    .text               mf_p.l(fadd.o)
    0x0000019a   0x0000019a   0x0000007a   Code   RO         1540    .text               mf_p.l(fmul.o)
    0x00000214   0x00000214   0x0000007c   Code   RO         1542    .text               mf_p.l(fdiv.o)
    0x00000290   0x00000290   0x0000001c   Code   RO         1544    .text               mf_p.l(fcmple.o)
    0x000002ac   0x000002ac   0x0000001c   Code   RO         1548    .text               mf_p.l(fcmpge.o)
    0x000002c8   0x000002c8   0x00000016   Code   RO         1550    .text               mf_p.l(fflti.o)
    0x000002de   0x000002de   0x00000032   Code   RO         1554    .text               mf_p.l(ffixi.o)
    0x00000310   0x00000310   0x0000003e   Code   RO         1574    .text               mc_p.l(uidiv_div0.o)
    0x0000034e   0x0000034e   0x00000000   Code   RO         1580    .text               mc_p.l(iusefp.o)
    0x0000034e   0x0000034e   0x00000082   Code   RO         1581    .text               mf_p.l(fepilogue.o)
    0x000003d0   0x000003d0   0x00000030   Code   RO         1583    .text               mc_p.l(init.o)
    0x00000400   0x00000400   0x000000dc   Code   RO         1315    .text.Check_L2_Update  key.o
    0x000004dc   0x000004dc   0x00000014   Code   RO         1230    .text.DL_Common_delayCycles  dl_common.o
    0x000004f0   0x000004f0   0x00000028   Code   RO          129    .text.DL_Common_updateReg  ti_msp_dl_config.o
    0x00000518   0x00000518   0x00000028   Code   RO          212    .text.DL_Common_updateReg  dl_uart.o
    0x00000540   0x00000540   0x00000028   Code   RO          302    .text.DL_Common_updateReg  dl_timer.o
    0x00000568   0x00000568   0x00000028   Code   RO          874    .text.DL_Common_updateReg  dl_i2c.o
    0x00000590   0x00000590   0x00000028   Code   RO         1486    .text.DL_Common_updateReg  oled.o
    0x000005b8   0x000005b8   0x00000018   Code   RO           67    .text.DL_GPIO_clearInterruptStatus  ti_msp_dl_config.o
    0x000005d0   0x000005d0   0x0000001c   Code   RO         1389    .text.DL_GPIO_clearInterruptStatus  encoder.o
    0x000005ec   0x000005ec   0x00000014   Code   RO           63    .text.DL_GPIO_clearPins  ti_msp_dl_config.o
    0x00000600   0x00000600   0x00000014   Code   RO         1363    .text.DL_GPIO_clearPins  motor.o
    0x00000614   0x00000614   0x00000018   Code   RO           55    .text.DL_GPIO_enableHiZ  ti_msp_dl_config.o
    0x0000062c   0x0000062c   0x0000001c   Code   RO           69    .text.DL_GPIO_enableInterrupt  ti_msp_dl_config.o
    0x00000648   0x00000648   0x00000018   Code   RO           51    .text.DL_GPIO_enableOutput  ti_msp_dl_config.o
    0x00000660   0x00000660   0x00000014   Code   RO           41    .text.DL_GPIO_enablePower  ti_msp_dl_config.o
    0x00000674   0x00000674   0x00000018   Code   RO         1385    .text.DL_GPIO_getEnabledInterruptStatus  encoder.o
    0x0000068c   0x0000068c   0x00000030   Code   RO           61    .text.DL_GPIO_initDigitalInputFeatures  ti_msp_dl_config.o
    0x000006bc   0x000006bc   0x00000014   Code   RO           59    .text.DL_GPIO_initDigitalOutput  ti_msp_dl_config.o
    0x000006d0   0x000006d0   0x00000018   Code   RO           57    .text.DL_GPIO_initPeripheralInputFunction  ti_msp_dl_config.o
    0x000006e8   0x000006e8   0x00000038   Code   RO           53    .text.DL_GPIO_initPeripheralInputFunctionFeatures  ti_msp_dl_config.o
    0x00000720   0x00000720   0x0000001c   Code   RO           49    .text.DL_GPIO_initPeripheralOutputFunction  ti_msp_dl_config.o
    0x0000073c   0x0000073c   0x00000016   Code   RO         1305    .text.DL_GPIO_readPins  key.o
    0x00000752   0x00000752   0x00000016   Code   RO         1387    .text.DL_GPIO_readPins  encoder.o
    0x00000768   0x00000768   0x00000016   Code   RO         1412    .text.DL_GPIO_readPins  huidu.o
    0x0000077e   0x0000077e   0x00000002   PAD
    0x00000780   0x00000780   0x00000010   Code   RO           33    .text.DL_GPIO_reset  ti_msp_dl_config.o
    0x00000790   0x00000790   0x00000018   Code   RO         1361    .text.DL_GPIO_setPins  motor.o
    0x000007a8   0x000007a8   0x00000018   Code   RO           65    .text.DL_GPIO_setUpperPinsPolarity  ti_msp_dl_config.o
    0x000007c0   0x000007c0   0x00000018   Code   RO           97    .text.DL_I2C_enableAnalogGlitchFilter  ti_msp_dl_config.o
    0x000007d8   0x000007d8   0x00000014   Code   RO          109    .text.DL_I2C_enableController  ti_msp_dl_config.o
    0x000007ec   0x000007ec   0x00000018   Code   RO          107    .text.DL_I2C_enableControllerClockStretching  ti_msp_dl_config.o
    0x00000804   0x00000804   0x00000018   Code   RO           45    .text.DL_I2C_enablePower  ti_msp_dl_config.o
    0x0000081c   0x0000081c   0x00000054   Code   RO          878    .text.DL_I2C_fillControllerTXFIFO  dl_i2c.o
    0x00000870   0x00000870   0x00000014   Code   RO         1450    .text.DL_I2C_getControllerStatus  oled.o
    0x00000884   0x00000884   0x0000001c   Code   RO          880    .text.DL_I2C_isControllerTXFIFOFull  dl_i2c.o
    0x000008a0   0x000008a0   0x00000018   Code   RO           37    .text.DL_I2C_reset  ti_msp_dl_config.o
    0x000008b8   0x000008b8   0x00000010   Code   RO           99    .text.DL_I2C_resetControllerTransfer  ti_msp_dl_config.o
    0x000008c8   0x000008c8   0x00000026   Code   RO           95    .text.DL_I2C_setAnalogGlitchFilterPulseWidth  ti_msp_dl_config.o
    0x000008ee   0x000008ee   0x00000002   PAD
    0x000008f0   0x000008f0   0x00000034   Code   RO          872    .text.DL_I2C_setClockConfig  dl_i2c.o
    0x00000924   0x00000924   0x00000024   Code   RO          105    .text.DL_I2C_setControllerRXFIFOThreshold  ti_msp_dl_config.o
    0x00000948   0x00000948   0x00000028   Code   RO          103    .text.DL_I2C_setControllerTXFIFOThreshold  ti_msp_dl_config.o
    0x00000970   0x00000970   0x00000018   Code   RO          101    .text.DL_I2C_setTimerPeriod  ti_msp_dl_config.o
    0x00000988   0x00000988   0x00000050   Code   RO         1452    .text.DL_I2C_startControllerTransfer  oled.o
    0x000009d8   0x000009d8   0x00000016   Code   RO          882    .text.DL_I2C_transmitControllerData  dl_i2c.o
    0x000009ee   0x000009ee   0x00000002   PAD
    0x000009f0   0x000009f0   0x000000c0   Code   RO         1498    .text.DL_SYSCTL_configSYSPLL  driverlib.a(dl_sysctl_mspm0g1x0x_g3x0x.o)
    0x00000ab0   0x00000ab0   0x0000000c   Code   RO           77    .text.DL_SYSCTL_disableHFXT  ti_msp_dl_config.o
    0x00000abc   0x00000abc   0x00000014   Code   RO           79    .text.DL_SYSCTL_disableSYSPLL  ti_msp_dl_config.o
    0x00000ad0   0x00000ad0   0x00000010   Code   RO           83    .text.DL_SYSCTL_enableMFCLK  ti_msp_dl_config.o
    0x00000ae0   0x00000ae0   0x00000018   Code   RO           71    .text.DL_SYSCTL_setBORThreshold  ti_msp_dl_config.o
    0x00000af8   0x00000af8   0x0000001c   Code   RO           73    .text.DL_SYSCTL_setFlashWaitState  ti_msp_dl_config.o
    0x00000b14   0x00000b14   0x0000001c   Code   RO           75    .text.DL_SYSCTL_setSYSOSCFreq  ti_msp_dl_config.o
    0x00000b30   0x00000b30   0x00000018   Code   RO           81    .text.DL_SYSCTL_setULPCLKDivider  ti_msp_dl_config.o
    0x00000b48   0x00000b48   0x00000028   Code   RO         1506    .text.DL_SYSCTL_switchMCLKfromSYSOSCtoHSCLK  driverlib.a(dl_sysctl_mspm0g1x0x_g3x0x.o)
    0x00000b70   0x00000b70   0x0000000c   Code   RO          127    .text.DL_SYSTICK_enable  ti_msp_dl_config.o
    0x00000b7c   0x00000b7c   0x00000028   Code   RO          125    .text.DL_SYSTICK_init  ti_msp_dl_config.o
    0x00000ba4   0x00000ba4   0x000000ea   Code   RO          354    .text.DL_TimerA_initPWMMode  dl_timer.o
    0x00000c8e   0x00000c8e   0x00000002   PAD
    0x00000c90   0x00000c90   0x00000014   Code   RO           89    .text.DL_Timer_enableClock  ti_msp_dl_config.o
    0x00000ca4   0x00000ca4   0x0000001c   Code   RO           93    .text.DL_Timer_enableInterrupt  ti_msp_dl_config.o
    0x00000cc0   0x00000cc0   0x00000018   Code   RO           43    .text.DL_Timer_enablePower  ti_msp_dl_config.o
    0x00000cd8   0x00000cd8   0x00000012   Code   RO         1393    .text.DL_Timer_getPendingInterrupt  encoder.o
    0x00000cea   0x00000cea   0x00000002   PAD
    0x00000cec   0x00000cec   0x0000010c   Code   RO          314    .text.DL_Timer_initPWMMode  dl_timer.o
    0x00000df8   0x00000df8   0x000000fc   Code   RO          284    .text.DL_Timer_initTimerMode  dl_timer.o
    0x00000ef4   0x00000ef4   0x00000010   Code   RO           35    .text.DL_Timer_reset  ti_msp_dl_config.o
    0x00000f04   0x00000f04   0x00000014   Code   RO           91    .text.DL_Timer_setCCPDirection  ti_msp_dl_config.o
    0x00000f18   0x00000f18   0x00000030   Code   RO          328    .text.DL_Timer_setCaptCompUpdateMethod  dl_timer.o
    0x00000f48   0x00000f48   0x00000034   Code   RO          316    .text.DL_Timer_setCaptureCompareAction  dl_timer.o
    0x00000f7c   0x00000f7c   0x0000003c   Code   RO          292    .text.DL_Timer_setCaptureCompareCtl  dl_timer.o
    0x00000fb8   0x00000fb8   0x00000034   Code   RO          298    .text.DL_Timer_setCaptureCompareInput  dl_timer.o
    0x00000fec   0x00000fec   0x00000040   Code   RO          318    .text.DL_Timer_setCaptureCompareOutCtl  dl_timer.o
    0x0000102c   0x0000102c   0x0000002c   Code   RO          290    .text.DL_Timer_setCaptureCompareValue  dl_timer.o
    0x00001058   0x00001058   0x0000002c   Code   RO          280    .text.DL_Timer_setClockConfig  dl_timer.o
    0x00001084   0x00001084   0x00000038   Code   RO           87    .text.DL_Timer_setCounterControl  ti_msp_dl_config.o
    0x000010bc   0x000010bc   0x0000001c   Code   RO          288    .text.DL_Timer_setCounterValueAfterEnable  dl_timer.o
    0x000010d8   0x000010d8   0x00000018   Code   RO          286    .text.DL_Timer_setLoadValue  dl_timer.o
    0x000010f0   0x000010f0   0x00000018   Code   RO          149    .text.DL_Timer_startCounter  empty.o
    0x00001108   0x00001108   0x00000016   Code   RO          210    .text.DL_UART_disable  dl_uart.o
    0x0000111e   0x0000111e   0x00000016   Code   RO          123    .text.DL_UART_enable  ti_msp_dl_config.o
    0x00001134   0x00001134   0x00000018   Code   RO          115    .text.DL_UART_enableFIFOs  ti_msp_dl_config.o
    0x0000114c   0x0000114c   0x00000016   Code   RO          121    .text.DL_UART_enableLoopbackMode  ti_msp_dl_config.o
    0x00001162   0x00001162   0x00000002   PAD
    0x00001164   0x00001164   0x00000018   Code   RO           47    .text.DL_UART_enablePower  ti_msp_dl_config.o
    0x0000117c   0x0000117c   0x00000048   Code   RO          208    .text.DL_UART_init  dl_uart.o
    0x000011c4   0x000011c4   0x00000018   Code   RO           39    .text.DL_UART_reset  ti_msp_dl_config.o
    0x000011dc   0x000011dc   0x0000004c   Code   RO          113    .text.DL_UART_setBaudRateDivisor  ti_msp_dl_config.o
    0x00001228   0x00001228   0x00000024   Code   RO          214    .text.DL_UART_setClockConfig  dl_uart.o
    0x0000124c   0x0000124c   0x0000001e   Code   RO          111    .text.DL_UART_setOversampling  ti_msp_dl_config.o
    0x0000126a   0x0000126a   0x00000002   PAD
    0x0000126c   0x0000126c   0x00000024   Code   RO          117    .text.DL_UART_setRXFIFOThreshold  ti_msp_dl_config.o
    0x00001290   0x00001290   0x00000028   Code   RO          119    .text.DL_UART_setTXFIFOThreshold  ti_msp_dl_config.o
    0x000012b8   0x000012b8   0x0000011c   Code   RO         1383    .text.GROUP1_IRQHandler  encoder.o
    0x000013d4   0x000013d4   0x00000040   Code   RO         1307    .text.Get_Key_Confirm  key.o
    0x00001414   0x00001414   0x00000044   Code   RO         1303    .text.Get_Key_Next  key.o
    0x00001458   0x00001458   0x0000009c   Code   RO         1309    .text.Handle_Keys   key.o
    0x000014f4   0x000014f4   0x00000074   Code   RO         1448    .text.I2C_WriteByte  oled.o
    0x00001568   0x00001568   0x000001dc   Code   RO         1428    .text.Line_Tracking_Control  pid.o
    0x00001744   0x00001744   0x0000000a   Code   RO         1464    .text.OLED_CLS      oled.o
    0x0000174e   0x0000174e   0x00000068   Code   RO         1462    .text.OLED_Fill     oled.o
    0x000017b6   0x000017b6   0x00000002   Code   RO         1446    .text.OLED_I2C_Init  oled.o
    0x000017b8   0x000017b8   0x000000c4   Code   RO         1458    .text.OLED_Init     oled.o
    0x0000187c   0x0000187c   0x00000036   Code   RO         1460    .text.OLED_SetPos   oled.o
    0x000018b2   0x000018b2   0x00000002   PAD
    0x000018b4   0x000018b4   0x00000150   Code   RO         1472    .text.OLED_ShowChar  oled.o
    0x00001a04   0x00001a04   0x00000086   Code   RO         1476    .text.OLED_ShowNum  oled.o
    0x00001a8a   0x00001a8a   0x00000052   Code   RO         1470    .text.OLED_ShowString  oled.o
    0x00001adc   0x00001adc   0x00000054   Code   RO         1319    .text.OLED_UpdateDebug  key.o
    0x00001b30   0x00001b30   0x00000030   Code   RO         1313    .text.OLED_UpdateProgress  key.o
    0x00001b60   0x00001b60   0x00000038   Code   RO         1317    .text.OLED_UpdateStatus  key.o
    0x00001b98   0x00001b98   0x00000030   Code   RO         1311    .text.OLED_UpdateTarget  key.o
    0x00001bc8   0x00001bc8   0x000001ac   Code   RO           15    .text.SYSCFG_DL_GPIO_init  ti_msp_dl_config.o
    0x00001d74   0x00001d74   0x00000054   Code   RO           23    .text.SYSCFG_DL_I2C_OLED_init  ti_msp_dl_config.o
    0x00001dc8   0x00001dc8   0x00000088   Code   RO           19    .text.SYSCFG_DL_PWM_0_init  ti_msp_dl_config.o
    0x00001e50   0x00001e50   0x0000004c   Code   RO           17    .text.SYSCFG_DL_SYSCTL_init  ti_msp_dl_config.o
    0x00001e9c   0x00001e9c   0x00000010   Code   RO           27    .text.SYSCFG_DL_SYSTICK_init  ti_msp_dl_config.o
    0x00001eac   0x00001eac   0x00000030   Code   RO           21    .text.SYSCFG_DL_TIMER_0_init  ti_msp_dl_config.o
    0x00001edc   0x00001edc   0x00000058   Code   RO           25    .text.SYSCFG_DL_UART_0_init  ti_msp_dl_config.o
    0x00001f34   0x00001f34   0x00000030   Code   RO           11    .text.SYSCFG_DL_init  ti_msp_dl_config.o
    0x00001f64   0x00001f64   0x00000070   Code   RO           13    .text.SYSCFG_DL_initPower  ti_msp_dl_config.o
    0x00001fd4   0x00001fd4   0x00000148   Code   RO         1359    .text.Set_PWM       motor.o
    0x0000211c   0x0000211c   0x0000000c   Code   RO          170    .text.Systick_getTick  board.o
    0x00002128   0x00002128   0x00000040   Code   RO         1391    .text.TIMG0_IRQHandler  encoder.o
    0x00002168   0x00002168   0x0000008c   Code   RO         1410    .text.Update_Sensor_State  huidu.o
    0x000021f4   0x000021f4   0x00000016   Code   RO         1454    .text.WriteCmd      oled.o
    0x0000220a   0x0000220a   0x00000016   Code   RO         1456    .text.WriteData     oled.o
    0x00002220   0x00002220   0x0000002c   Code   RO          151    .text.__NVIC_ClearPendingIRQ  empty.o
    0x0000224c   0x0000224c   0x0000002c   Code   RO          153    .text.__NVIC_EnableIRQ  empty.o
    0x00002278   0x00002278   0x00000084   Code   RO           85    .text.__NVIC_SetPriority  ti_msp_dl_config.o
    0x000022fc   0x000022fc   0x00000030   Code   RO          172    .text.delay_ms      board.o
    0x0000232c   0x0000232c   0x00000090   Code   RO          174    .text.delay_us      board.o
    0x000023bc   0x000023bc   0x000000a0   Code   RO          147    .text.main          empty.o
    0x0000245c   0x0000245c   0x00000030   Code   RO         1474    .text.oled_pow      oled.o
    0x0000248c   0x0000248c   0x00000004   PAD
    0x00002490   0x00002490   0x0000000e   Code   RO         1587    i.__scatterload_copy  mc_p.l(handlers.o)
    0x0000249e   0x0000249e   0x00000002   PAD
    0x000024a0   0x000024a0   0x00000002   Code   RO         1588    i.__scatterload_null  mc_p.l(handlers.o)
    0x000024a2   0x000024a2   0x00000006   PAD
    0x000024a8   0x000024a8   0x0000000e   Code   RO         1589    i.__scatterload_zeroinit  mc_p.l(handlers.o)
    0x000024b6   0x000024b6   0x00000228   Data   RO         1488    .rodata.F6x8        oled.o
    0x000026de   0x000026de   0x000005f0   Data   RO         1489    .rodata.F8X16       oled.o
    0x00002cce   0x00002cce   0x00000002   Data   RO          137    .rodata.gI2C_OLEDClockConfig  ti_msp_dl_config.o
    0x00002cd0   0x00002cd0   0x00000003   Data   RO          133    .rodata.gPWM_0ClockConfig  ti_msp_dl_config.o
    0x00002cd3   0x00002cd3   0x00000001   PAD
    0x00002cd4   0x00002cd4   0x00000008   Data   RO          134    .rodata.gPWM_0Config  ti_msp_dl_config.o
    0x00002cdc   0x00002cdc   0x00000028   Data   RO          132    .rodata.gSYSPLLConfig  ti_msp_dl_config.o
    0x00002d04   0x00002d04   0x00000003   Data   RO          135    .rodata.gTIMER_0ClockConfig  ti_msp_dl_config.o
    0x00002d07   0x00002d07   0x00000001   PAD
    0x00002d08   0x00002d08   0x00000014   Data   RO          136    .rodata.gTIMER_0TimerConfig  ti_msp_dl_config.o
    0x00002d1c   0x00002d1c   0x00000002   Data   RO          138    .rodata.gUART_0ClockConfig  ti_msp_dl_config.o
    0x00002d1e   0x00002d1e   0x0000000a   Data   RO          139    .rodata.gUART_0Config  ti_msp_dl_config.o
    0x00002d28   0x00002d28   0x00000008   Data   RO          155    .rodata.str1.1      empty.o
    0x00002d30   0x00002d30   0x0000004e   Data   RO         1327    .rodata.str1.1      key.o
    0x00002d7e   0x00002d7e   0x00000002   PAD
    0x00002d80   0x00002d80   0x00000020   Data   RO         1586    Region$$Table       anon$$obj.o


    Execution Region RW_IRAM2 (Exec base: 0x20200000, Load base: 0x00002da0, Size: 0x00001120, Max: 0x00008000, ABSOLUTE)

    Exec Addr    Load Addr    Size         Type   Attr      Idx    E Section Name        Object

    0x20200000   0x00002da0   0x00000004   Data   RW         1433    .data.AmplifyFactor  pid.o
    0x20200004   0x00002da4   0x00000004   Data   RW         1439    .data.BaseSpeed     pid.o
    0x20200008   0x00002da8   0x00000004   Data   RW         1432    .data.Kd            pid.o
    0x2020000c   0x00002dac   0x00000004   Data   RW         1430    .data.Kp            pid.o
    0x20200010   0x00002db0   0x00000004   Data   RW         1321    .data.targetCount   key.o
    0x20200014   0x00002db4   0x00000004   PAD
    0x20200018        -       0x00000004   Zero   RW         1434    .bss.Error          pid.o
    0x2020001c        -       0x00000004   Zero   RW         1397    .bss.Get_Encoder_countA  encoder.o
    0x20200020        -       0x00000004   Zero   RW         1398    .bss.Get_Encoder_countB  encoder.o
    0x20200024        -       0x00000001   Zero   RW         1415    .bss.L1             huidu.o
    0x20200025        -       0x00000001   Zero   RW         1414    .bss.L2             huidu.o
    0x20200026   0x00002db4   0x00000002   PAD
    0x20200028        -       0x00000004   Zero   RW         1326    .bss.L2_last        key.o
    0x2020002c        -       0x00000004   Zero   RW         1435    .bss.Last_Error     pid.o
    0x20200030        -       0x00000004   Zero   RW         1437    .bss.LeftSpeed      pid.o
    0x20200034        -       0x00000001   Zero   RW         1418    .bss.M              huidu.o
    0x20200035        -       0x00000001   Zero   RW         1416    .bss.R1             huidu.o
    0x20200036        -       0x00000001   Zero   RW         1417    .bss.R2             huidu.o
    0x20200037   0x00002db4   0x00000001   PAD
    0x20200038        -       0x00000004   Zero   RW         1438    .bss.RightSpeed     pid.o
    0x2020003c        -       0x00000004   Zero   RW         1436    .bss.Track          pid.o
    0x20200040        -       0x00000004   Zero   RW         1324    .bss.carRunning     key.o
    0x20200044        -       0x00000004   Zero   RW         1322    .bss.count1         key.o
    0x20200048        -       0x00000004   Zero   RW         1323    .bss.count2         key.o
    0x2020004c        -       0x00000004   Zero   RW         1399    .bss.encoderA_cnt   encoder.o
    0x20200050        -       0x00000004   Zero   RW         1400    .bss.encoderB_cnt   encoder.o
    0x20200054        -       0x000000bc   Zero   RW          131    .bss.gPWM_0Backup   ti_msp_dl_config.o
    0x20200110        -       0x00000004   Zero   RW         1395    .bss.gpio_interrup1  encoder.o
    0x20200114        -       0x00000004   Zero   RW         1396    .bss.gpio_interrup2  encoder.o
    0x20200118        -       0x00000004   Zero   RW         1325    .bss.lastCount1Time  key.o
    0x2020011c   0x00002db4   0x00000004   PAD
    0x20200120        -       0x00001000   Zero   RW            1    STACK               startup_mspm0g350x_uvision.o



  Load Region LR_BCR (Base: 0x41c00000, Size: 0x00000000, Max: 0x00000100, ABSOLUTE)

    Execution Region BCR_CONFIG (Exec base: 0x41c00000, Load base: 0x41c00000, Size: 0x00000000, Max: 0x00000080, ABSOLUTE)

    **** No section assigned to this execution region ****



  Load Region LR_BSL (Base: 0x41c00100, Size: 0x00000000, Max: 0x00000100, ABSOLUTE)

    Execution Region BSL_CONFIG (Exec base: 0x41c00100, Load base: 0x41c00100, Size: 0x00000000, Max: 0x00000080, ABSOLUTE)

    **** No section assigned to this execution region ****


==============================================================================

Image component sizes


      Code (inc. data)   RO Data    RW Data    ZI Data      Debug   Object Name

       204         20          0          0          0       6149   board.o
        20          0          0          0          0        603   dl_common.o
       226          8          0          0          0       7985   dl_i2c.o
      1210        176          0          0          0      20641   dl_timer.o
       170          8          0          0          0      10650   dl_uart.o
       272         24          8          0          0       4852   empty.o
       440         48          0          0         24       6985   encoder.o
       162         28          0          0          5       3730   huidu.o
       766        104         78          4         20       4933   key.o
       372          8          0          0          0       6834   motor.o
      1266         36       2072          0          0       8028   oled.o
       476         60          0         16         20       1077   pid.o
        20          4        192          0       4096        648   startup_mspm0g350x_uvision.o
      2500        180         88          0        188      36935   ti_msp_dl_config.o

    ----------------------------------------------------------------------
      8124        704       2474         20       4364     120050   Object Totals
         0          0         32          0          0          0   (incl. Generated)
        20          0          4          0         11          0   (incl. Padding)

    ----------------------------------------------------------------------

      Code (inc. data)   RO Data    RW Data    ZI Data      Debug   Library Member Name

       232         20          0          0          0      18490   dl_sysctl_mspm0g1x0x_g3x0x.o
         0          0          0          0          0          0   entry.o
         0          0          0          0          0          0   entry10a.o
         0          0          0          0          0          0   entry11a.o
         8          4          0          0          0          0   entry2.o
         4          0          0          0          0          0   entry5.o
         0          0          0          0          0          0   entry7b.o
         0          0          0          0          0          0   entry8b.o
         8          4          0          0          0          0   entry9a.o
        30          0          0          0          0          0   handlers.o
        48         10          0          0          0         68   init.o
         0          0          0          0          0          0   iusefp.o
        62          0          0          0          0         72   uidiv_div0.o
       178          0          0          0          0        108   fadd.o
        28          0          0          0          0         60   fcmpge.o
        28          0          0          0          0         60   fcmple.o
       124          0          0          0          0         72   fdiv.o
       130          0          0          0          0        144   fepilogue.o
        50          0          0          0          0         60   ffixi.o
        22          0          0          0          0         68   fflti.o
       122          0          0          0          0         72   fmul.o

    ----------------------------------------------------------------------
      1082         38          0          0          0      19274   Library Totals
         8          0          0          0          0          0   (incl. Padding)

    ----------------------------------------------------------------------

      Code (inc. data)   RO Data    RW Data    ZI Data      Debug   Library Name

       232         20          0          0          0      18490   driverlib.a
       160         18          0          0          0        140   mc_p.l
       682          0          0          0          0        644   mf_p.l

    ----------------------------------------------------------------------
      1082         38          0          0          0      19274   Library Totals

    ----------------------------------------------------------------------

==============================================================================


      Code (inc. data)   RO Data    RW Data    ZI Data      Debug   

      9206        742       2474         20       4364     138952   Grand Totals
      9206        742       2474         20       4364     138952   ELF Image Totals
      9206        742       2474         20          0          0   ROM Totals

==============================================================================

    Total RO  Size (Code + RO Data)                11680 (  11.41kB)
    Total RW  Size (RW Data + ZI Data)              4384 (   4.28kB)
    Total ROM Size (Code + RO Data + RW Data)      11700 (  11.43kB)

==============================================================================

